Vivado Simulator v2024.1
Copyright 1986-2022 Xilinx, Inc. All Rights Reserved.
Copyright 2022-2024 Advanced Micro Devices, Inc. All Rights Reserved.
Running: D:/Vivado/2024.1/bin/unwrapped/win64.o/xelab.exe --incr --debug typical --relax --mt 2 -L xil_defaultlib -L unisims_ver -L unimacro_ver -L secureip --snapshot tb_johnson_counter_behav xil_defaultlib.tb_johnson_counter xil_defaultlib.glbl -log elaborate.log 
Using 2 slave threads.
Starting static elaboration
Pass Through NonSizing Optimizer
Completed static elaboration
Starting simulation data flow analysis
WARNING: [XSIM 43-4099] "D:/VLSI lab/Johnsons counter/Johnsons counter.srcs/sources_1/new/Johnsons_counter.v" Line 1. Module johnson_counter doesn't have a timescale but at least one module in design has a timescale.
WARNING: [XSIM 43-4099] "D:/VLSI lab/Johnsons counter/Johnsons counter.srcs/sources_1/new/dff.v" Line 1. Module d_ff doesn't have a timescale but at least one module in design has a timescale.
WARNING: [XSIM 43-4099] "D:/VLSI lab/Johnsons counter/Johnsons counter.srcs/sources_1/new/dff.v" Line 1. Module d_ff doesn't have a timescale but at least one module in design has a timescale.
WARNING: [XSIM 43-4099] "D:/VLSI lab/Johnsons counter/Johnsons counter.srcs/sources_1/new/dff.v" Line 1. Module d_ff doesn't have a timescale but at least one module in design has a timescale.
WARNING: [XSIM 43-4099] "D:/VLSI lab/Johnsons counter/Johnsons counter.srcs/sources_1/new/dff.v" Line 1. Module d_ff doesn't have a timescale but at least one module in design has a timescale.
WARNING: [XSIM 43-4099] "D:/VLSI lab/Johnsons counter/Johnsons counter.srcs/sources_1/new/Johnsons_counter.v" Line 1. Module johnson_counter doesn't have a timescale but at least one module in design has a timescale.
WARNING: [XSIM 43-4099] "D:/VLSI lab/Johnsons counter/Johnsons counter.srcs/sources_1/new/dff.v" Line 1. Module d_ff doesn't have a timescale but at least one module in design has a timescale.
WARNING: [XSIM 43-4099] "D:/VLSI lab/Johnsons counter/Johnsons counter.srcs/sources_1/new/dff.v" Line 1. Module d_ff doesn't have a timescale but at least one module in design has a timescale.
WARNING: [XSIM 43-4099] "D:/VLSI lab/Johnsons counter/Johnsons counter.srcs/sources_1/new/dff.v" Line 1. Module d_ff doesn't have a timescale but at least one module in design has a timescale.
WARNING: [XSIM 43-4099] "D:/VLSI lab/Johnsons counter/Johnsons counter.srcs/sources_1/new/dff.v" Line 1. Module d_ff doesn't have a timescale but at least one module in design has a timescale.
Completed simulation data flow analysis
Time Resolution for simulation is 1ps
Compiling module xil_defaultlib.d_ff
Compiling module xil_defaultlib.johnson_counter
Compiling module xil_defaultlib.tb_johnson_counter
Compiling module xil_defaultlib.glbl
Built simulation snapshot tb_johnson_counter_behav
