Vivado Simulator v2024.1
Copyright 1986-2022 Xilinx, Inc. All Rights Reserved.
Copyright 2022-2024 Advanced Micro Devices, Inc. All Rights Reserved.
Running: D:/Vivado/2024.1/bin/unwrapped/win64.o/xelab.exe --incr --debug typical --relax --mt 2 -L xil_defaultlib -L unisims_ver -L unimacro_ver -L secureip --snapshot tb_behav xil_defaultlib.tb xil_defaultlib.glbl -log elaborate.log 
Using 2 slave threads.
Starting static elaboration
Pass Through NonSizing Optimizer
Completed static elaboration
Starting simulation data flow analysis
WARNING: [XSIM 43-4099] "D:/VLSI lab/8x1 mux using 4x1/8x1 mux using 4x1.srcs/sources_1/new/8x1mux.v" Line 1. Module mux8x1 doesn't have a timescale but at least one module in design has a timescale.
WARNING: [XSIM 43-4099] "D:/VLSI lab/8x1 mux using 4x1/8x1 mux using 4x1.srcs/sources_1/new/4x1mux.v" Line 1. Module mux4x1 doesn't have a timescale but at least one module in design has a timescale.
WARNING: [XSIM 43-4099] "D:/VLSI lab/8x1 mux using 4x1/8x1 mux using 4x1.srcs/sources_1/new/4x1mux.v" Line 1. Module mux4x1 doesn't have a timescale but at least one module in design has a timescale.
WARNING: [XSIM 43-4099] "D:/VLSI lab/8x1 mux using 4x1/8x1 mux using 4x1.srcs/sources_1/new/8x1mux.v" Line 1. Module mux8x1 doesn't have a timescale but at least one module in design has a timescale.
WARNING: [XSIM 43-4099] "D:/VLSI lab/8x1 mux using 4x1/8x1 mux using 4x1.srcs/sources_1/new/4x1mux.v" Line 1. Module mux4x1 doesn't have a timescale but at least one module in design has a timescale.
WARNING: [XSIM 43-4099] "D:/VLSI lab/8x1 mux using 4x1/8x1 mux using 4x1.srcs/sources_1/new/4x1mux.v" Line 1. Module mux4x1 doesn't have a timescale but at least one module in design has a timescale.
Completed simulation data flow analysis
Time Resolution for simulation is 1ps
Compiling module xil_defaultlib.mux4x1
Compiling module xil_defaultlib.mux8x1
Compiling module xil_defaultlib.tb
Compiling module xil_defaultlib.glbl
Built simulation snapshot tb_behav
