Copyright 1986-2022 Xilinx, Inc. All Rights Reserved. Copyright 2022-2024 Advanced Micro Devices, Inc. All Rights Reserved.
---------------------------------------------------------------------------------------------------------------------------------------------------------------------------------------------------------------------------------------------------
| Tool Version : Vivado v.2024.1 (win64) Build 5076996 Wed May 22 18:37:14 MDT 2024
| Date         : Sun Apr 27 16:50:00 2025
| Host         : LAPTOP-JOUC07R3 running 64-bit major release  (build 9200)
| Command      : report_timing_summary -max_paths 10 -report_unconstrained -file Multiplier_wrapper_timing_summary_routed.rpt -pb Multiplier_wrapper_timing_summary_routed.pb -rpx Multiplier_wrapper_timing_summary_routed.rpx -warn_on_violation
| Design       : Multiplier_wrapper
| Device       : 7k70t-fbv676
| Speed File   : -1  PRODUCTION 1.12 2017-02-17
| Design State : Routed
---------------------------------------------------------------------------------------------------------------------------------------------------------------------------------------------------------------------------------------------------

Timing Summary Report

------------------------------------------------------------------------------------------------
| Timer Settings
| --------------
------------------------------------------------------------------------------------------------

  Enable Multi Corner Analysis               :  Yes
  Enable Pessimism Removal                   :  Yes
  Pessimism Removal Resolution               :  Nearest Common Node
  Enable Input Delay Default Clock           :  No
  Enable Preset / Clear Arcs                 :  No
  Disable Flight Delays                      :  No
  Ignore I/O Paths                           :  No
  Timing Early Launch at Borrowing Latches   :  No
  Borrow Time for Max Delay Exceptions       :  Yes
  Merge Timing Exceptions                    :  Yes
  Inter-SLR Compensation                     :  Conservative

  Corner  Analyze    Analyze    
  Name    Max Paths  Min Paths  
  ------  ---------  ---------  
  Slow    Yes        Yes        
  Fast    Yes        Yes        


------------------------------------------------------------------------------------------------
| Report Methodology
| ------------------
------------------------------------------------------------------------------------------------

No report available as report_methodology has not been run prior. Run report_methodology on the current design for the summary of methodology violations.



check_timing report

Table of Contents
-----------------
1. checking no_clock (0)
2. checking constant_clock (0)
3. checking pulse_width_clock (0)
4. checking unconstrained_internal_endpoints (0)
5. checking no_input_delay (0)
6. checking no_output_delay (0)
7. checking multiple_clock (0)
8. checking generated_clocks (0)
9. checking loops (0)
10. checking partial_input_delay (0)
11. checking partial_output_delay (0)
12. checking latch_loops (0)

1. checking no_clock (0)
------------------------
 There are 0 register/latch pins with no clock.


2. checking constant_clock (0)
------------------------------
 There are 0 register/latch pins with constant_clock.


3. checking pulse_width_clock (0)
---------------------------------
 There are 0 register/latch pins which need pulse_width check


4. checking unconstrained_internal_endpoints (0)
------------------------------------------------
 There are 0 pins that are not constrained for maximum delay.

 There are 0 pins that are not constrained for maximum delay due to constant clock.


5. checking no_input_delay (0)
------------------------------
 There are 0 input ports with no input delay specified.

 There are 0 input ports with no input delay but user has a false path constraint.


6. checking no_output_delay (0)
-------------------------------
 There are 0 ports with no output delay specified.

 There are 0 ports with no output delay but user has a false path constraint

 There are 0 ports with no output delay but with a timing clock defined on it or propagating through it


7. checking multiple_clock (0)
------------------------------
 There are 0 register/latch pins with multiple clocks.


8. checking generated_clocks (0)
--------------------------------
 There are 0 generated clocks that are not connected to a clock source.


9. checking loops (0)
---------------------
 There are 0 combinational loops in the design.


10. checking partial_input_delay (0)
------------------------------------
 There are 0 input ports with partial input delay specified.


11. checking partial_output_delay (0)
-------------------------------------
 There are 0 ports with partial output delay specified.


12. checking latch_loops (0)
----------------------------
 There are 0 combinational latch loops in the design through latch input



------------------------------------------------------------------------------------------------
| Design Timing Summary
| ---------------------
------------------------------------------------------------------------------------------------

    WNS(ns)      TNS(ns)  TNS Failing Endpoints  TNS Total Endpoints      WHS(ns)      THS(ns)  THS Failing Endpoints  THS Total Endpoints     WPWS(ns)     TPWS(ns)  TPWS Failing Endpoints  TPWS Total Endpoints  
    -------      -------  ---------------------  -------------------      -------      -------  ---------------------  -------------------     --------     --------  ----------------------  --------------------  
        inf        0.000                      0                   16          inf        0.000                      0                   16           NA           NA                      NA                    NA  


There are no user specified timing constraints.


------------------------------------------------------------------------------------------------
| Clock Summary
| -------------
------------------------------------------------------------------------------------------------


------------------------------------------------------------------------------------------------
| Intra Clock Table
| -----------------
------------------------------------------------------------------------------------------------

Clock             WNS(ns)      TNS(ns)  TNS Failing Endpoints  TNS Total Endpoints      WHS(ns)      THS(ns)  THS Failing Endpoints  THS Total Endpoints     WPWS(ns)     TPWS(ns)  TPWS Failing Endpoints  TPWS Total Endpoints  
-----             -------      -------  ---------------------  -------------------      -------      -------  ---------------------  -------------------     --------     --------  ----------------------  --------------------  


------------------------------------------------------------------------------------------------
| Inter Clock Table
| -----------------
------------------------------------------------------------------------------------------------

From Clock    To Clock          WNS(ns)      TNS(ns)  TNS Failing Endpoints  TNS Total Endpoints      WHS(ns)      THS(ns)  THS Failing Endpoints  THS Total Endpoints  
----------    --------          -------      -------  ---------------------  -------------------      -------      -------  ---------------------  -------------------  


------------------------------------------------------------------------------------------------
| Other Path Groups Table
| -----------------------
------------------------------------------------------------------------------------------------

Path Group    From Clock    To Clock          WNS(ns)      TNS(ns)  TNS Failing Endpoints  TNS Total Endpoints      WHS(ns)      THS(ns)  THS Failing Endpoints  THS Total Endpoints  
----------    ----------    --------          -------      -------  ---------------------  -------------------      -------      -------  ---------------------  -------------------  


------------------------------------------------------------------------------------------------
| User Ignored Path Table
| -----------------------
------------------------------------------------------------------------------------------------

Path Group    From Clock    To Clock    
----------    ----------    --------    


------------------------------------------------------------------------------------------------
| Unconstrained Path Table
| ------------------------
------------------------------------------------------------------------------------------------

Path Group    From Clock    To Clock    
----------    ----------    --------    
(none)                                    


------------------------------------------------------------------------------------------------
| Timing Details
| --------------
------------------------------------------------------------------------------------------------


--------------------------------------------------------------------------------------
Path Group:  (none)
From Clock:  
  To Clock:  

Max Delay            16 Endpoints
Min Delay            16 Endpoints
--------------------------------------------------------------------------------------


Max Delay Paths
--------------------------------------------------------------------------------------
Slack:                    inf
  Source:                 A_0[0]
                            (input port)
  Destination:            P_0[13]
                            (output port)
  Path Group:             (none)
  Path Type:              Max at Slow Process Corner
  Data Path Delay:        9.591ns  (logic 5.172ns (53.924%)  route 4.419ns (46.076%))
  Logic Levels:           10  (CARRY4=5 IBUF=1 LUT2=2 LUT4=1 OBUF=1)

    Location             Delay type                Incr(ns)  Path(ns)    Netlist Resource(s)
  -------------------------------------------------------------------    -------------------
    U16                                               0.000     0.000 r  A_0[0] (IN)
                         net (fo=0)                   0.000     0.000    A_0[0]
    U16                  IBUF (Prop_ibuf_I_O)         0.802     0.802 r  A_0_IBUF[0]_inst/O
                         net (fo=16, routed)          1.620     2.421    Multiplier_i/mult_gen_0/U0/i_mult/gLUT.gLUT_speed.iLUT/A[0]
    SLICE_X4Y12          LUT4 (Prop_lut4_I3_O)        0.053     2.474 r  Multiplier_i/mult_gen_0/U0/i_mult/gLUT.gLUT_speed.iLUT/NxM_mult.ppgen[1].carrychain[1].ppadd.b_is_even.stageN.muxcy0_i_1/O
                         net (fo=1, routed)           0.000     2.474    Multiplier_i/mult_gen_0/U0/i_mult/gLUT.gLUT_speed.iLUT/NxM_mult.ppgen[1].carrychain[1].ppadd.b_is_even.stageN.lut_sig
    SLICE_X4Y12          CARRY4 (Prop_carry4_S[1]_CO[3])
                                                      0.324     2.798 r  Multiplier_i/mult_gen_0/U0/i_mult/gLUT.gLUT_speed.iLUT/NxM_mult.ppgen[1].carrychain[0].ppadd.b_is_even.stageLSB.muxcy00_CARRY4/CO[3]
                         net (fo=1, routed)           0.000     2.798    Multiplier_i/mult_gen_0/U0/i_mult/gLUT.gLUT_speed.iLUT/pp_cout[1]_3
    SLICE_X4Y13          CARRY4 (Prop_carry4_CI_O[1])
                                                      0.213     3.011 r  Multiplier_i/mult_gen_0/U0/i_mult/gLUT.gLUT_speed.iLUT/NxM_mult.ppgen[1].carrychain[4].ppadd.b_is_even.stageN.muxcy0_CARRY4/O[1]
                         net (fo=1, routed)           0.521     3.533    Multiplier_i/mult_gen_0/U0/i_mult/gLUT.gLUT_speed.iLUT/pp_out[1]_1[5]
    SLICE_X1Y13          LUT2 (Prop_lut2_I1_O)        0.152     3.685 r  Multiplier_i/mult_gen_0/U0/i_mult/gLUT.gLUT_speed.iLUT/P[8]_INST_0_i_9/O
                         net (fo=1, routed)           0.000     3.685    Multiplier_i/mult_gen_0/U0/i_mult/gLUT.gLUT_speed.iLUT/P[8]_INST_0_i_9_n_0
    SLICE_X1Y13          CARRY4 (Prop_carry4_S[1]_O[3])
                                                      0.379     4.064 r  Multiplier_i/mult_gen_0/U0/i_mult/gLUT.gLUT_speed.iLUT/P[8]_INST_0_i_2/O[3]
                         net (fo=2, routed)           0.573     4.637    Multiplier_i/mult_gen_0/U0/i_mult/gLUT.gLUT_speed.iLUT/L[5]
    SLICE_X2Y14          LUT2 (Prop_lut2_I0_O)        0.142     4.779 r  Multiplier_i/mult_gen_0/U0/i_mult/gLUT.gLUT_speed.iLUT/P[8]_INST_0_i_5/O
                         net (fo=1, routed)           0.000     4.779    Multiplier_i/mult_gen_0/U0/i_mult/gLUT.gLUT_speed.iLUT/P[8]_INST_0_i_5_n_0
    SLICE_X2Y14          CARRY4 (Prop_carry4_S[1]_CO[3])
                                                      0.310     5.089 r  Multiplier_i/mult_gen_0/U0/i_mult/gLUT.gLUT_speed.iLUT/P[8]_INST_0/CO[3]
                         net (fo=1, routed)           0.000     5.089    Multiplier_i/mult_gen_0/U0/i_mult/gLUT.gLUT_speed.iLUT/P[8]_INST_0_n_0
    SLICE_X2Y15          CARRY4 (Prop_carry4_CI_O[1])
                                                      0.212     5.301 r  Multiplier_i/mult_gen_0/U0/i_mult/gLUT.gLUT_speed.iLUT/P[12]_INST_0/O[1]
                         net (fo=1, routed)           1.705     7.006    P_0_OBUF[13]
    M22                  OBUF (Prop_obuf_I_O)         2.586     9.591 r  P_0_OBUF[13]_inst/O
                         net (fo=0)                   0.000     9.591    P_0[13]
    M22                                                               r  P_0[13] (OUT)
  -------------------------------------------------------------------    -------------------

Slack:                    inf
  Source:                 A_0[0]
                            (input port)
  Destination:            P_0[14]
                            (output port)
  Path Group:             (none)
  Path Type:              Max at Slow Process Corner
  Data Path Delay:        9.514ns  (logic 5.087ns (53.469%)  route 4.427ns (46.531%))
  Logic Levels:           10  (CARRY4=5 IBUF=1 LUT2=2 LUT4=1 OBUF=1)

    Location             Delay type                Incr(ns)  Path(ns)    Netlist Resource(s)
  -------------------------------------------------------------------    -------------------
    U16                                               0.000     0.000 r  A_0[0] (IN)
                         net (fo=0)                   0.000     0.000    A_0[0]
    U16                  IBUF (Prop_ibuf_I_O)         0.802     0.802 r  A_0_IBUF[0]_inst/O
                         net (fo=16, routed)          1.620     2.421    Multiplier_i/mult_gen_0/U0/i_mult/gLUT.gLUT_speed.iLUT/A[0]
    SLICE_X4Y12          LUT4 (Prop_lut4_I3_O)        0.053     2.474 r  Multiplier_i/mult_gen_0/U0/i_mult/gLUT.gLUT_speed.iLUT/NxM_mult.ppgen[1].carrychain[1].ppadd.b_is_even.stageN.muxcy0_i_1/O
                         net (fo=1, routed)           0.000     2.474    Multiplier_i/mult_gen_0/U0/i_mult/gLUT.gLUT_speed.iLUT/NxM_mult.ppgen[1].carrychain[1].ppadd.b_is_even.stageN.lut_sig
    SLICE_X4Y12          CARRY4 (Prop_carry4_S[1]_CO[3])
                                                      0.324     2.798 r  Multiplier_i/mult_gen_0/U0/i_mult/gLUT.gLUT_speed.iLUT/NxM_mult.ppgen[1].carrychain[0].ppadd.b_is_even.stageLSB.muxcy00_CARRY4/CO[3]
                         net (fo=1, routed)           0.000     2.798    Multiplier_i/mult_gen_0/U0/i_mult/gLUT.gLUT_speed.iLUT/pp_cout[1]_3
    SLICE_X4Y13          CARRY4 (Prop_carry4_CI_O[1])
                                                      0.213     3.011 r  Multiplier_i/mult_gen_0/U0/i_mult/gLUT.gLUT_speed.iLUT/NxM_mult.ppgen[1].carrychain[4].ppadd.b_is_even.stageN.muxcy0_CARRY4/O[1]
                         net (fo=1, routed)           0.521     3.533    Multiplier_i/mult_gen_0/U0/i_mult/gLUT.gLUT_speed.iLUT/pp_out[1]_1[5]
    SLICE_X1Y13          LUT2 (Prop_lut2_I1_O)        0.152     3.685 r  Multiplier_i/mult_gen_0/U0/i_mult/gLUT.gLUT_speed.iLUT/P[8]_INST_0_i_9/O
                         net (fo=1, routed)           0.000     3.685    Multiplier_i/mult_gen_0/U0/i_mult/gLUT.gLUT_speed.iLUT/P[8]_INST_0_i_9_n_0
    SLICE_X1Y13          CARRY4 (Prop_carry4_S[1]_O[3])
                                                      0.379     4.064 r  Multiplier_i/mult_gen_0/U0/i_mult/gLUT.gLUT_speed.iLUT/P[8]_INST_0_i_2/O[3]
                         net (fo=2, routed)           0.573     4.637    Multiplier_i/mult_gen_0/U0/i_mult/gLUT.gLUT_speed.iLUT/L[5]
    SLICE_X2Y14          LUT2 (Prop_lut2_I0_O)        0.142     4.779 r  Multiplier_i/mult_gen_0/U0/i_mult/gLUT.gLUT_speed.iLUT/P[8]_INST_0_i_5/O
                         net (fo=1, routed)           0.000     4.779    Multiplier_i/mult_gen_0/U0/i_mult/gLUT.gLUT_speed.iLUT/P[8]_INST_0_i_5_n_0
    SLICE_X2Y14          CARRY4 (Prop_carry4_S[1]_CO[3])
                                                      0.310     5.089 r  Multiplier_i/mult_gen_0/U0/i_mult/gLUT.gLUT_speed.iLUT/P[8]_INST_0/CO[3]
                         net (fo=1, routed)           0.000     5.089    Multiplier_i/mult_gen_0/U0/i_mult/gLUT.gLUT_speed.iLUT/P[8]_INST_0_n_0
    SLICE_X2Y15          CARRY4 (Prop_carry4_CI_O[2])
                                                      0.137     5.226 r  Multiplier_i/mult_gen_0/U0/i_mult/gLUT.gLUT_speed.iLUT/P[12]_INST_0/O[2]
                         net (fo=1, routed)           1.713     6.939    P_0_OBUF[14]
    M21                  OBUF (Prop_obuf_I_O)         2.575     9.514 r  P_0_OBUF[14]_inst/O
                         net (fo=0)                   0.000     9.514    P_0[14]
    M21                                                               r  P_0[14] (OUT)
  -------------------------------------------------------------------    -------------------

Slack:                    inf
  Source:                 A_0[0]
                            (input port)
  Destination:            P_0[15]
                            (output port)
  Path Group:             (none)
  Path Type:              Max at Slow Process Corner
  Data Path Delay:        9.470ns  (logic 5.128ns (54.156%)  route 4.341ns (45.844%))
  Logic Levels:           10  (CARRY4=5 IBUF=1 LUT2=2 LUT4=1 OBUF=1)

    Location             Delay type                Incr(ns)  Path(ns)    Netlist Resource(s)
  -------------------------------------------------------------------    -------------------
    U16                                               0.000     0.000 r  A_0[0] (IN)
                         net (fo=0)                   0.000     0.000    A_0[0]
    U16                  IBUF (Prop_ibuf_I_O)         0.802     0.802 r  A_0_IBUF[0]_inst/O
                         net (fo=16, routed)          1.620     2.421    Multiplier_i/mult_gen_0/U0/i_mult/gLUT.gLUT_speed.iLUT/A[0]
    SLICE_X4Y12          LUT4 (Prop_lut4_I3_O)        0.053     2.474 r  Multiplier_i/mult_gen_0/U0/i_mult/gLUT.gLUT_speed.iLUT/NxM_mult.ppgen[1].carrychain[1].ppadd.b_is_even.stageN.muxcy0_i_1/O
                         net (fo=1, routed)           0.000     2.474    Multiplier_i/mult_gen_0/U0/i_mult/gLUT.gLUT_speed.iLUT/NxM_mult.ppgen[1].carrychain[1].ppadd.b_is_even.stageN.lut_sig
    SLICE_X4Y12          CARRY4 (Prop_carry4_S[1]_CO[3])
                                                      0.324     2.798 r  Multiplier_i/mult_gen_0/U0/i_mult/gLUT.gLUT_speed.iLUT/NxM_mult.ppgen[1].carrychain[0].ppadd.b_is_even.stageLSB.muxcy00_CARRY4/CO[3]
                         net (fo=1, routed)           0.000     2.798    Multiplier_i/mult_gen_0/U0/i_mult/gLUT.gLUT_speed.iLUT/pp_cout[1]_3
    SLICE_X4Y13          CARRY4 (Prop_carry4_CI_O[1])
                                                      0.213     3.011 r  Multiplier_i/mult_gen_0/U0/i_mult/gLUT.gLUT_speed.iLUT/NxM_mult.ppgen[1].carrychain[4].ppadd.b_is_even.stageN.muxcy0_CARRY4/O[1]
                         net (fo=1, routed)           0.521     3.533    Multiplier_i/mult_gen_0/U0/i_mult/gLUT.gLUT_speed.iLUT/pp_out[1]_1[5]
    SLICE_X1Y13          LUT2 (Prop_lut2_I1_O)        0.152     3.685 r  Multiplier_i/mult_gen_0/U0/i_mult/gLUT.gLUT_speed.iLUT/P[8]_INST_0_i_9/O
                         net (fo=1, routed)           0.000     3.685    Multiplier_i/mult_gen_0/U0/i_mult/gLUT.gLUT_speed.iLUT/P[8]_INST_0_i_9_n_0
    SLICE_X1Y13          CARRY4 (Prop_carry4_S[1]_O[3])
                                                      0.379     4.064 r  Multiplier_i/mult_gen_0/U0/i_mult/gLUT.gLUT_speed.iLUT/P[8]_INST_0_i_2/O[3]
                         net (fo=2, routed)           0.573     4.637    Multiplier_i/mult_gen_0/U0/i_mult/gLUT.gLUT_speed.iLUT/L[5]
    SLICE_X2Y14          LUT2 (Prop_lut2_I0_O)        0.142     4.779 r  Multiplier_i/mult_gen_0/U0/i_mult/gLUT.gLUT_speed.iLUT/P[8]_INST_0_i_5/O
                         net (fo=1, routed)           0.000     4.779    Multiplier_i/mult_gen_0/U0/i_mult/gLUT.gLUT_speed.iLUT/P[8]_INST_0_i_5_n_0
    SLICE_X2Y14          CARRY4 (Prop_carry4_S[1]_CO[3])
                                                      0.310     5.089 r  Multiplier_i/mult_gen_0/U0/i_mult/gLUT.gLUT_speed.iLUT/P[8]_INST_0/CO[3]
                         net (fo=1, routed)           0.000     5.089    Multiplier_i/mult_gen_0/U0/i_mult/gLUT.gLUT_speed.iLUT/P[8]_INST_0_n_0
    SLICE_X2Y15          CARRY4 (Prop_carry4_CI_O[3])
                                                      0.181     5.270 r  Multiplier_i/mult_gen_0/U0/i_mult/gLUT.gLUT_speed.iLUT/P[12]_INST_0/O[3]
                         net (fo=1, routed)           1.627     6.897    P_0_OBUF[15]
    P20                  OBUF (Prop_obuf_I_O)         2.573     9.470 r  P_0_OBUF[15]_inst/O
                         net (fo=0)                   0.000     9.470    P_0[15]
    P20                                                               r  P_0[15] (OUT)
  -------------------------------------------------------------------    -------------------

Slack:                    inf
  Source:                 A_0[0]
                            (input port)
  Destination:            P_0[12]
                            (output port)
  Path Group:             (none)
  Path Type:              Max at Slow Process Corner
  Data Path Delay:        9.403ns  (logic 5.087ns (54.094%)  route 4.317ns (45.906%))
  Logic Levels:           10  (CARRY4=5 IBUF=1 LUT2=2 LUT4=1 OBUF=1)

    Location             Delay type                Incr(ns)  Path(ns)    Netlist Resource(s)
  -------------------------------------------------------------------    -------------------
    U16                                               0.000     0.000 r  A_0[0] (IN)
                         net (fo=0)                   0.000     0.000    A_0[0]
    U16                  IBUF (Prop_ibuf_I_O)         0.802     0.802 r  A_0_IBUF[0]_inst/O
                         net (fo=16, routed)          1.620     2.421    Multiplier_i/mult_gen_0/U0/i_mult/gLUT.gLUT_speed.iLUT/A[0]
    SLICE_X4Y12          LUT4 (Prop_lut4_I3_O)        0.053     2.474 r  Multiplier_i/mult_gen_0/U0/i_mult/gLUT.gLUT_speed.iLUT/NxM_mult.ppgen[1].carrychain[1].ppadd.b_is_even.stageN.muxcy0_i_1/O
                         net (fo=1, routed)           0.000     2.474    Multiplier_i/mult_gen_0/U0/i_mult/gLUT.gLUT_speed.iLUT/NxM_mult.ppgen[1].carrychain[1].ppadd.b_is_even.stageN.lut_sig
    SLICE_X4Y12          CARRY4 (Prop_carry4_S[1]_CO[3])
                                                      0.324     2.798 r  Multiplier_i/mult_gen_0/U0/i_mult/gLUT.gLUT_speed.iLUT/NxM_mult.ppgen[1].carrychain[0].ppadd.b_is_even.stageLSB.muxcy00_CARRY4/CO[3]
                         net (fo=1, routed)           0.000     2.798    Multiplier_i/mult_gen_0/U0/i_mult/gLUT.gLUT_speed.iLUT/pp_cout[1]_3
    SLICE_X4Y13          CARRY4 (Prop_carry4_CI_O[1])
                                                      0.213     3.011 r  Multiplier_i/mult_gen_0/U0/i_mult/gLUT.gLUT_speed.iLUT/NxM_mult.ppgen[1].carrychain[4].ppadd.b_is_even.stageN.muxcy0_CARRY4/O[1]
                         net (fo=1, routed)           0.521     3.533    Multiplier_i/mult_gen_0/U0/i_mult/gLUT.gLUT_speed.iLUT/pp_out[1]_1[5]
    SLICE_X1Y13          LUT2 (Prop_lut2_I1_O)        0.152     3.685 r  Multiplier_i/mult_gen_0/U0/i_mult/gLUT.gLUT_speed.iLUT/P[8]_INST_0_i_9/O
                         net (fo=1, routed)           0.000     3.685    Multiplier_i/mult_gen_0/U0/i_mult/gLUT.gLUT_speed.iLUT/P[8]_INST_0_i_9_n_0
    SLICE_X1Y13          CARRY4 (Prop_carry4_S[1]_O[3])
                                                      0.379     4.064 r  Multiplier_i/mult_gen_0/U0/i_mult/gLUT.gLUT_speed.iLUT/P[8]_INST_0_i_2/O[3]
                         net (fo=2, routed)           0.573     4.637    Multiplier_i/mult_gen_0/U0/i_mult/gLUT.gLUT_speed.iLUT/L[5]
    SLICE_X2Y14          LUT2 (Prop_lut2_I0_O)        0.142     4.779 r  Multiplier_i/mult_gen_0/U0/i_mult/gLUT.gLUT_speed.iLUT/P[8]_INST_0_i_5/O
                         net (fo=1, routed)           0.000     4.779    Multiplier_i/mult_gen_0/U0/i_mult/gLUT.gLUT_speed.iLUT/P[8]_INST_0_i_5_n_0
    SLICE_X2Y14          CARRY4 (Prop_carry4_S[1]_CO[3])
                                                      0.310     5.089 r  Multiplier_i/mult_gen_0/U0/i_mult/gLUT.gLUT_speed.iLUT/P[8]_INST_0/CO[3]
                         net (fo=1, routed)           0.000     5.089    Multiplier_i/mult_gen_0/U0/i_mult/gLUT.gLUT_speed.iLUT/P[8]_INST_0_n_0
    SLICE_X2Y15          CARRY4 (Prop_carry4_CI_O[0])
                                                      0.135     5.224 r  Multiplier_i/mult_gen_0/U0/i_mult/gLUT.gLUT_speed.iLUT/P[12]_INST_0/O[0]
                         net (fo=1, routed)           1.603     6.826    P_0_OBUF[12]
    P23                  OBUF (Prop_obuf_I_O)         2.577     9.403 r  P_0_OBUF[12]_inst/O
                         net (fo=0)                   0.000     9.403    P_0[12]
    P23                                                               r  P_0[12] (OUT)
  -------------------------------------------------------------------    -------------------

Slack:                    inf
  Source:                 A_0[0]
                            (input port)
  Destination:            P_0[11]
                            (output port)
  Path Group:             (none)
  Path Type:              Max at Slow Process Corner
  Data Path Delay:        9.298ns  (logic 5.005ns (53.830%)  route 4.293ns (46.170%))
  Logic Levels:           9  (CARRY4=4 IBUF=1 LUT2=2 LUT4=1 OBUF=1)

    Location             Delay type                Incr(ns)  Path(ns)    Netlist Resource(s)
  -------------------------------------------------------------------    -------------------
    U16                                               0.000     0.000 r  A_0[0] (IN)
                         net (fo=0)                   0.000     0.000    A_0[0]
    U16                  IBUF (Prop_ibuf_I_O)         0.802     0.802 r  A_0_IBUF[0]_inst/O
                         net (fo=16, routed)          1.620     2.421    Multiplier_i/mult_gen_0/U0/i_mult/gLUT.gLUT_speed.iLUT/A[0]
    SLICE_X4Y12          LUT4 (Prop_lut4_I3_O)        0.053     2.474 r  Multiplier_i/mult_gen_0/U0/i_mult/gLUT.gLUT_speed.iLUT/NxM_mult.ppgen[1].carrychain[1].ppadd.b_is_even.stageN.muxcy0_i_1/O
                         net (fo=1, routed)           0.000     2.474    Multiplier_i/mult_gen_0/U0/i_mult/gLUT.gLUT_speed.iLUT/NxM_mult.ppgen[1].carrychain[1].ppadd.b_is_even.stageN.lut_sig
    SLICE_X4Y12          CARRY4 (Prop_carry4_S[1]_CO[3])
                                                      0.324     2.798 r  Multiplier_i/mult_gen_0/U0/i_mult/gLUT.gLUT_speed.iLUT/NxM_mult.ppgen[1].carrychain[0].ppadd.b_is_even.stageLSB.muxcy00_CARRY4/CO[3]
                         net (fo=1, routed)           0.000     2.798    Multiplier_i/mult_gen_0/U0/i_mult/gLUT.gLUT_speed.iLUT/pp_cout[1]_3
    SLICE_X4Y13          CARRY4 (Prop_carry4_CI_O[1])
                                                      0.213     3.011 r  Multiplier_i/mult_gen_0/U0/i_mult/gLUT.gLUT_speed.iLUT/NxM_mult.ppgen[1].carrychain[4].ppadd.b_is_even.stageN.muxcy0_CARRY4/O[1]
                         net (fo=1, routed)           0.521     3.533    Multiplier_i/mult_gen_0/U0/i_mult/gLUT.gLUT_speed.iLUT/pp_out[1]_1[5]
    SLICE_X1Y13          LUT2 (Prop_lut2_I1_O)        0.152     3.685 r  Multiplier_i/mult_gen_0/U0/i_mult/gLUT.gLUT_speed.iLUT/P[8]_INST_0_i_9/O
                         net (fo=1, routed)           0.000     3.685    Multiplier_i/mult_gen_0/U0/i_mult/gLUT.gLUT_speed.iLUT/P[8]_INST_0_i_9_n_0
    SLICE_X1Y13          CARRY4 (Prop_carry4_S[1]_O[3])
                                                      0.379     4.064 r  Multiplier_i/mult_gen_0/U0/i_mult/gLUT.gLUT_speed.iLUT/P[8]_INST_0_i_2/O[3]
                         net (fo=2, routed)           0.573     4.637    Multiplier_i/mult_gen_0/U0/i_mult/gLUT.gLUT_speed.iLUT/L[5]
    SLICE_X2Y14          LUT2 (Prop_lut2_I0_O)        0.142     4.779 r  Multiplier_i/mult_gen_0/U0/i_mult/gLUT.gLUT_speed.iLUT/P[8]_INST_0_i_5/O
                         net (fo=1, routed)           0.000     4.779    Multiplier_i/mult_gen_0/U0/i_mult/gLUT.gLUT_speed.iLUT/P[8]_INST_0_i_5_n_0
    SLICE_X2Y14          CARRY4 (Prop_carry4_S[1]_O[3])
                                                      0.374     5.153 r  Multiplier_i/mult_gen_0/U0/i_mult/gLUT.gLUT_speed.iLUT/P[8]_INST_0/O[3]
                         net (fo=1, routed)           1.578     6.731    P_0_OBUF[11]
    N23                  OBUF (Prop_obuf_I_O)         2.566     9.298 r  P_0_OBUF[11]_inst/O
                         net (fo=0)                   0.000     9.298    P_0[11]
    N23                                                               r  P_0[11] (OUT)
  -------------------------------------------------------------------    -------------------

Slack:                    inf
  Source:                 A_0[0]
                            (input port)
  Destination:            P_0[10]
                            (output port)
  Path Group:             (none)
  Path Type:              Max at Slow Process Corner
  Data Path Delay:        9.272ns  (logic 4.987ns (53.781%)  route 4.286ns (46.219%))
  Logic Levels:           9  (CARRY4=4 IBUF=1 LUT2=2 LUT4=1 OBUF=1)

    Location             Delay type                Incr(ns)  Path(ns)    Netlist Resource(s)
  -------------------------------------------------------------------    -------------------
    U16                                               0.000     0.000 r  A_0[0] (IN)
                         net (fo=0)                   0.000     0.000    A_0[0]
    U16                  IBUF (Prop_ibuf_I_O)         0.802     0.802 r  A_0_IBUF[0]_inst/O
                         net (fo=16, routed)          1.620     2.421    Multiplier_i/mult_gen_0/U0/i_mult/gLUT.gLUT_speed.iLUT/A[0]
    SLICE_X4Y12          LUT4 (Prop_lut4_I3_O)        0.053     2.474 r  Multiplier_i/mult_gen_0/U0/i_mult/gLUT.gLUT_speed.iLUT/NxM_mult.ppgen[1].carrychain[1].ppadd.b_is_even.stageN.muxcy0_i_1/O
                         net (fo=1, routed)           0.000     2.474    Multiplier_i/mult_gen_0/U0/i_mult/gLUT.gLUT_speed.iLUT/NxM_mult.ppgen[1].carrychain[1].ppadd.b_is_even.stageN.lut_sig
    SLICE_X4Y12          CARRY4 (Prop_carry4_S[1]_CO[3])
                                                      0.324     2.798 r  Multiplier_i/mult_gen_0/U0/i_mult/gLUT.gLUT_speed.iLUT/NxM_mult.ppgen[1].carrychain[0].ppadd.b_is_even.stageLSB.muxcy00_CARRY4/CO[3]
                         net (fo=1, routed)           0.000     2.798    Multiplier_i/mult_gen_0/U0/i_mult/gLUT.gLUT_speed.iLUT/pp_cout[1]_3
    SLICE_X4Y13          CARRY4 (Prop_carry4_CI_O[1])
                                                      0.213     3.011 r  Multiplier_i/mult_gen_0/U0/i_mult/gLUT.gLUT_speed.iLUT/NxM_mult.ppgen[1].carrychain[4].ppadd.b_is_even.stageN.muxcy0_CARRY4/O[1]
                         net (fo=1, routed)           0.521     3.533    Multiplier_i/mult_gen_0/U0/i_mult/gLUT.gLUT_speed.iLUT/pp_out[1]_1[5]
    SLICE_X1Y13          LUT2 (Prop_lut2_I1_O)        0.152     3.685 r  Multiplier_i/mult_gen_0/U0/i_mult/gLUT.gLUT_speed.iLUT/P[8]_INST_0_i_9/O
                         net (fo=1, routed)           0.000     3.685    Multiplier_i/mult_gen_0/U0/i_mult/gLUT.gLUT_speed.iLUT/P[8]_INST_0_i_9_n_0
    SLICE_X1Y13          CARRY4 (Prop_carry4_S[1]_O[3])
                                                      0.379     4.064 r  Multiplier_i/mult_gen_0/U0/i_mult/gLUT.gLUT_speed.iLUT/P[8]_INST_0_i_2/O[3]
                         net (fo=2, routed)           0.573     4.637    Multiplier_i/mult_gen_0/U0/i_mult/gLUT.gLUT_speed.iLUT/L[5]
    SLICE_X2Y14          LUT2 (Prop_lut2_I0_O)        0.142     4.779 r  Multiplier_i/mult_gen_0/U0/i_mult/gLUT.gLUT_speed.iLUT/P[8]_INST_0_i_5/O
                         net (fo=1, routed)           0.000     4.779    Multiplier_i/mult_gen_0/U0/i_mult/gLUT.gLUT_speed.iLUT/P[8]_INST_0_i_5_n_0
    SLICE_X2Y14          CARRY4 (Prop_carry4_S[1]_O[2])
                                                      0.340     5.119 r  Multiplier_i/mult_gen_0/U0/i_mult/gLUT.gLUT_speed.iLUT/P[8]_INST_0/O[2]
                         net (fo=1, routed)           1.571     6.690    P_0_OBUF[10]
    N21                  OBUF (Prop_obuf_I_O)         2.582     9.272 r  P_0_OBUF[10]_inst/O
                         net (fo=0)                   0.000     9.272    P_0[10]
    N21                                                               r  P_0[10] (OUT)
  -------------------------------------------------------------------    -------------------

Slack:                    inf
  Source:                 A_0[0]
                            (input port)
  Destination:            P_0[9]
                            (output port)
  Path Group:             (none)
  Path Type:              Max at Slow Process Corner
  Data Path Delay:        9.191ns  (logic 4.985ns (54.233%)  route 4.207ns (45.767%))
  Logic Levels:           10  (CARRY4=5 IBUF=1 LUT2=2 LUT4=1 OBUF=1)

    Location             Delay type                Incr(ns)  Path(ns)    Netlist Resource(s)
  -------------------------------------------------------------------    -------------------
    U16                                               0.000     0.000 r  A_0[0] (IN)
                         net (fo=0)                   0.000     0.000    A_0[0]
    U16                  IBUF (Prop_ibuf_I_O)         0.802     0.802 r  A_0_IBUF[0]_inst/O
                         net (fo=16, routed)          1.620     2.421    Multiplier_i/mult_gen_0/U0/i_mult/gLUT.gLUT_speed.iLUT/A[0]
    SLICE_X4Y12          LUT4 (Prop_lut4_I3_O)        0.053     2.474 r  Multiplier_i/mult_gen_0/U0/i_mult/gLUT.gLUT_speed.iLUT/NxM_mult.ppgen[1].carrychain[1].ppadd.b_is_even.stageN.muxcy0_i_1/O
                         net (fo=1, routed)           0.000     2.474    Multiplier_i/mult_gen_0/U0/i_mult/gLUT.gLUT_speed.iLUT/NxM_mult.ppgen[1].carrychain[1].ppadd.b_is_even.stageN.lut_sig
    SLICE_X4Y12          CARRY4 (Prop_carry4_S[1]_O[3])
                                                      0.379     2.853 r  Multiplier_i/mult_gen_0/U0/i_mult/gLUT.gLUT_speed.iLUT/NxM_mult.ppgen[1].carrychain[0].ppadd.b_is_even.stageLSB.muxcy00_CARRY4/O[3]
                         net (fo=1, routed)           0.562     3.416    Multiplier_i/mult_gen_0/U0/i_mult/gLUT.gLUT_speed.iLUT/pp_out[1]_1[3]
    SLICE_X1Y12          LUT2 (Prop_lut2_I1_O)        0.142     3.558 r  Multiplier_i/mult_gen_0/U0/i_mult/gLUT.gLUT_speed.iLUT/P[2]_INST_0_i_1/O
                         net (fo=1, routed)           0.000     3.558    Multiplier_i/mult_gen_0/U0/i_mult/gLUT.gLUT_speed.iLUT/P[2]_INST_0_i_1_n_0
    SLICE_X1Y12          CARRY4 (Prop_carry4_S[3]_CO[3])
                                                      0.233     3.791 r  Multiplier_i/mult_gen_0/U0/i_mult/gLUT.gLUT_speed.iLUT/P[2]_INST_0/CO[3]
                         net (fo=1, routed)           0.000     3.791    Multiplier_i/mult_gen_0/U0/i_mult/gLUT.gLUT_speed.iLUT/P[2]_INST_0_n_0
    SLICE_X1Y13          CARRY4 (Prop_carry4_CI_O[1])
                                                      0.213     4.004 r  Multiplier_i/mult_gen_0/U0/i_mult/gLUT.gLUT_speed.iLUT/P[8]_INST_0_i_2/O[1]
                         net (fo=2, routed)           0.445     4.449    Multiplier_i/mult_gen_0/U0/i_mult/gLUT.gLUT_speed.iLUT/L[3]
    SLICE_X2Y13          LUT2 (Prop_lut2_I0_O)        0.152     4.601 r  Multiplier_i/mult_gen_0/U0/i_mult/gLUT.gLUT_speed.iLUT/P[4]_INST_0_i_1/O
                         net (fo=1, routed)           0.000     4.601    Multiplier_i/mult_gen_0/U0/i_mult/gLUT.gLUT_speed.iLUT/P[4]_INST_0_i_1_n_0
    SLICE_X2Y13          CARRY4 (Prop_carry4_S[3]_CO[3])
                                                      0.216     4.817 r  Multiplier_i/mult_gen_0/U0/i_mult/gLUT.gLUT_speed.iLUT/P[4]_INST_0/CO[3]
                         net (fo=1, routed)           0.000     4.817    Multiplier_i/mult_gen_0/U0/i_mult/gLUT.gLUT_speed.iLUT/P[4]_INST_0_n_0
    SLICE_X2Y14          CARRY4 (Prop_carry4_CI_O[1])
                                                      0.212     5.029 r  Multiplier_i/mult_gen_0/U0/i_mult/gLUT.gLUT_speed.iLUT/P[8]_INST_0/O[1]
                         net (fo=1, routed)           1.579     6.608    P_0_OBUF[9]
    N22                  OBUF (Prop_obuf_I_O)         2.583     9.191 r  P_0_OBUF[9]_inst/O
                         net (fo=0)                   0.000     9.191    P_0[9]
    N22                                                               r  P_0[9] (OUT)
  -------------------------------------------------------------------    -------------------

Slack:                    inf
  Source:                 A_0[0]
                            (input port)
  Destination:            P_0[8]
                            (output port)
  Path Group:             (none)
  Path Type:              Max at Slow Process Corner
  Data Path Delay:        8.970ns  (logic 4.882ns (54.428%)  route 4.088ns (45.572%))
  Logic Levels:           10  (CARRY4=5 IBUF=1 LUT2=2 LUT4=1 OBUF=1)

    Location             Delay type                Incr(ns)  Path(ns)    Netlist Resource(s)
  -------------------------------------------------------------------    -------------------
    U16                                               0.000     0.000 r  A_0[0] (IN)
                         net (fo=0)                   0.000     0.000    A_0[0]
    U16                  IBUF (Prop_ibuf_I_O)         0.802     0.802 r  A_0_IBUF[0]_inst/O
                         net (fo=16, routed)          1.620     2.421    Multiplier_i/mult_gen_0/U0/i_mult/gLUT.gLUT_speed.iLUT/A[0]
    SLICE_X4Y12          LUT4 (Prop_lut4_I3_O)        0.053     2.474 r  Multiplier_i/mult_gen_0/U0/i_mult/gLUT.gLUT_speed.iLUT/NxM_mult.ppgen[1].carrychain[1].ppadd.b_is_even.stageN.muxcy0_i_1/O
                         net (fo=1, routed)           0.000     2.474    Multiplier_i/mult_gen_0/U0/i_mult/gLUT.gLUT_speed.iLUT/NxM_mult.ppgen[1].carrychain[1].ppadd.b_is_even.stageN.lut_sig
    SLICE_X4Y12          CARRY4 (Prop_carry4_S[1]_O[3])
                                                      0.379     2.853 r  Multiplier_i/mult_gen_0/U0/i_mult/gLUT.gLUT_speed.iLUT/NxM_mult.ppgen[1].carrychain[0].ppadd.b_is_even.stageLSB.muxcy00_CARRY4/O[3]
                         net (fo=1, routed)           0.562     3.416    Multiplier_i/mult_gen_0/U0/i_mult/gLUT.gLUT_speed.iLUT/pp_out[1]_1[3]
    SLICE_X1Y12          LUT2 (Prop_lut2_I1_O)        0.142     3.558 r  Multiplier_i/mult_gen_0/U0/i_mult/gLUT.gLUT_speed.iLUT/P[2]_INST_0_i_1/O
                         net (fo=1, routed)           0.000     3.558    Multiplier_i/mult_gen_0/U0/i_mult/gLUT.gLUT_speed.iLUT/P[2]_INST_0_i_1_n_0
    SLICE_X1Y12          CARRY4 (Prop_carry4_S[3]_CO[3])
                                                      0.233     3.791 r  Multiplier_i/mult_gen_0/U0/i_mult/gLUT.gLUT_speed.iLUT/P[2]_INST_0/CO[3]
                         net (fo=1, routed)           0.000     3.791    Multiplier_i/mult_gen_0/U0/i_mult/gLUT.gLUT_speed.iLUT/P[2]_INST_0_n_0
    SLICE_X1Y13          CARRY4 (Prop_carry4_CI_O[1])
                                                      0.213     4.004 r  Multiplier_i/mult_gen_0/U0/i_mult/gLUT.gLUT_speed.iLUT/P[8]_INST_0_i_2/O[1]
                         net (fo=2, routed)           0.445     4.449    Multiplier_i/mult_gen_0/U0/i_mult/gLUT.gLUT_speed.iLUT/L[3]
    SLICE_X2Y13          LUT2 (Prop_lut2_I0_O)        0.152     4.601 r  Multiplier_i/mult_gen_0/U0/i_mult/gLUT.gLUT_speed.iLUT/P[4]_INST_0_i_1/O
                         net (fo=1, routed)           0.000     4.601    Multiplier_i/mult_gen_0/U0/i_mult/gLUT.gLUT_speed.iLUT/P[4]_INST_0_i_1_n_0
    SLICE_X2Y13          CARRY4 (Prop_carry4_S[3]_CO[3])
                                                      0.216     4.817 r  Multiplier_i/mult_gen_0/U0/i_mult/gLUT.gLUT_speed.iLUT/P[4]_INST_0/CO[3]
                         net (fo=1, routed)           0.000     4.817    Multiplier_i/mult_gen_0/U0/i_mult/gLUT.gLUT_speed.iLUT/P[4]_INST_0_n_0
    SLICE_X2Y14          CARRY4 (Prop_carry4_CI_O[0])
                                                      0.135     4.952 r  Multiplier_i/mult_gen_0/U0/i_mult/gLUT.gLUT_speed.iLUT/P[8]_INST_0/O[0]
                         net (fo=1, routed)           1.461     6.412    P_0_OBUF[8]
    R21                  OBUF (Prop_obuf_I_O)         2.558     8.970 r  P_0_OBUF[8]_inst/O
                         net (fo=0)                   0.000     8.970    P_0[8]
    R21                                                               r  P_0[8] (OUT)
  -------------------------------------------------------------------    -------------------

Slack:                    inf
  Source:                 A_0[0]
                            (input port)
  Destination:            P_0[6]
                            (output port)
  Path Group:             (none)
  Path Type:              Max at Slow Process Corner
  Data Path Delay:        8.919ns  (logic 4.617ns (51.764%)  route 4.302ns (48.236%))
  Logic Levels:           8  (CARRY4=3 IBUF=1 LUT2=2 LUT4=1 OBUF=1)

    Location             Delay type                Incr(ns)  Path(ns)    Netlist Resource(s)
  -------------------------------------------------------------------    -------------------
    U16                                               0.000     0.000 r  A_0[0] (IN)
                         net (fo=0)                   0.000     0.000    A_0[0]
    U16                  IBUF (Prop_ibuf_I_O)         0.802     0.802 r  A_0_IBUF[0]_inst/O
                         net (fo=16, routed)          1.620     2.421    Multiplier_i/mult_gen_0/U0/i_mult/gLUT.gLUT_speed.iLUT/A[0]
    SLICE_X4Y12          LUT4 (Prop_lut4_I3_O)        0.053     2.474 r  Multiplier_i/mult_gen_0/U0/i_mult/gLUT.gLUT_speed.iLUT/NxM_mult.ppgen[1].carrychain[1].ppadd.b_is_even.stageN.muxcy0_i_1/O
                         net (fo=1, routed)           0.000     2.474    Multiplier_i/mult_gen_0/U0/i_mult/gLUT.gLUT_speed.iLUT/NxM_mult.ppgen[1].carrychain[1].ppadd.b_is_even.stageN.lut_sig
    SLICE_X4Y12          CARRY4 (Prop_carry4_S[1]_O[2])
                                                      0.345     2.819 r  Multiplier_i/mult_gen_0/U0/i_mult/gLUT.gLUT_speed.iLUT/NxM_mult.ppgen[1].carrychain[0].ppadd.b_is_even.stageLSB.muxcy00_CARRY4/O[2]
                         net (fo=1, routed)           0.570     3.390    Multiplier_i/mult_gen_0/U0/i_mult/gLUT.gLUT_speed.iLUT/pp_out[1]_1[2]
    SLICE_X1Y12          LUT2 (Prop_lut2_I1_O)        0.152     3.542 r  Multiplier_i/mult_gen_0/U0/i_mult/gLUT.gLUT_speed.iLUT/P[2]_INST_0_i_2/O
                         net (fo=1, routed)           0.000     3.542    Multiplier_i/mult_gen_0/U0/i_mult/gLUT.gLUT_speed.iLUT/P[2]_INST_0_i_2_n_0
    SLICE_X1Y12          CARRY4 (Prop_carry4_S[2]_O[3])
                                                      0.213     3.755 r  Multiplier_i/mult_gen_0/U0/i_mult/gLUT.gLUT_speed.iLUT/P[2]_INST_0/O[3]
                         net (fo=2, routed)           0.573     4.328    Multiplier_i/mult_gen_0/U0/i_mult/gLUT.gLUT_speed.iLUT/L[1]
    SLICE_X2Y13          LUT2 (Prop_lut2_I0_O)        0.142     4.470 r  Multiplier_i/mult_gen_0/U0/i_mult/gLUT.gLUT_speed.iLUT/P[4]_INST_0_i_3/O
                         net (fo=1, routed)           0.000     4.470    Multiplier_i/mult_gen_0/U0/i_mult/gLUT.gLUT_speed.iLUT/P[4]_INST_0_i_3_n_0
    SLICE_X2Y13          CARRY4 (Prop_carry4_S[1]_O[2])
                                                      0.340     4.810 r  Multiplier_i/mult_gen_0/U0/i_mult/gLUT.gLUT_speed.iLUT/P[4]_INST_0/O[2]
                         net (fo=1, routed)           1.539     6.349    P_0_OBUF[6]
    R22                  OBUF (Prop_obuf_I_O)         2.570     8.919 r  P_0_OBUF[6]_inst/O
                         net (fo=0)                   0.000     8.919    P_0[6]
    R22                                                               r  P_0[6] (OUT)
  -------------------------------------------------------------------    -------------------

Slack:                    inf
  Source:                 A_0[0]
                            (input port)
  Destination:            P_0[7]
                            (output port)
  Path Group:             (none)
  Path Type:              Max at Slow Process Corner
  Data Path Delay:        8.838ns  (logic 4.627ns (52.352%)  route 4.211ns (47.648%))
  Logic Levels:           8  (CARRY4=3 IBUF=1 LUT2=2 LUT4=1 OBUF=1)

    Location             Delay type                Incr(ns)  Path(ns)    Netlist Resource(s)
  -------------------------------------------------------------------    -------------------
    U16                                               0.000     0.000 r  A_0[0] (IN)
                         net (fo=0)                   0.000     0.000    A_0[0]
    U16                  IBUF (Prop_ibuf_I_O)         0.802     0.802 r  A_0_IBUF[0]_inst/O
                         net (fo=16, routed)          1.620     2.421    Multiplier_i/mult_gen_0/U0/i_mult/gLUT.gLUT_speed.iLUT/A[0]
    SLICE_X4Y12          LUT4 (Prop_lut4_I3_O)        0.053     2.474 r  Multiplier_i/mult_gen_0/U0/i_mult/gLUT.gLUT_speed.iLUT/NxM_mult.ppgen[1].carrychain[1].ppadd.b_is_even.stageN.muxcy0_i_1/O
                         net (fo=1, routed)           0.000     2.474    Multiplier_i/mult_gen_0/U0/i_mult/gLUT.gLUT_speed.iLUT/NxM_mult.ppgen[1].carrychain[1].ppadd.b_is_even.stageN.lut_sig
    SLICE_X4Y12          CARRY4 (Prop_carry4_S[1]_O[2])
                                                      0.345     2.819 r  Multiplier_i/mult_gen_0/U0/i_mult/gLUT.gLUT_speed.iLUT/NxM_mult.ppgen[1].carrychain[0].ppadd.b_is_even.stageLSB.muxcy00_CARRY4/O[2]
                         net (fo=1, routed)           0.570     3.390    Multiplier_i/mult_gen_0/U0/i_mult/gLUT.gLUT_speed.iLUT/pp_out[1]_1[2]
    SLICE_X1Y12          LUT2 (Prop_lut2_I1_O)        0.152     3.542 r  Multiplier_i/mult_gen_0/U0/i_mult/gLUT.gLUT_speed.iLUT/P[2]_INST_0_i_2/O
                         net (fo=1, routed)           0.000     3.542    Multiplier_i/mult_gen_0/U0/i_mult/gLUT.gLUT_speed.iLUT/P[2]_INST_0_i_2_n_0
    SLICE_X1Y12          CARRY4 (Prop_carry4_S[2]_O[3])
                                                      0.213     3.755 r  Multiplier_i/mult_gen_0/U0/i_mult/gLUT.gLUT_speed.iLUT/P[2]_INST_0/O[3]
                         net (fo=2, routed)           0.573     4.328    Multiplier_i/mult_gen_0/U0/i_mult/gLUT.gLUT_speed.iLUT/L[1]
    SLICE_X2Y13          LUT2 (Prop_lut2_I0_O)        0.142     4.470 r  Multiplier_i/mult_gen_0/U0/i_mult/gLUT.gLUT_speed.iLUT/P[4]_INST_0_i_3/O
                         net (fo=1, routed)           0.000     4.470    Multiplier_i/mult_gen_0/U0/i_mult/gLUT.gLUT_speed.iLUT/P[4]_INST_0_i_3_n_0
    SLICE_X2Y13          CARRY4 (Prop_carry4_S[1]_O[3])
                                                      0.374     4.844 r  Multiplier_i/mult_gen_0/U0/i_mult/gLUT.gLUT_speed.iLUT/P[4]_INST_0/O[3]
                         net (fo=1, routed)           1.448     6.292    P_0_OBUF[7]
    P21                  OBUF (Prop_obuf_I_O)         2.546     8.838 r  P_0_OBUF[7]_inst/O
                         net (fo=0)                   0.000     8.838    P_0[7]
    P21                                                               r  P_0[7] (OUT)
  -------------------------------------------------------------------    -------------------





Min Delay Paths
--------------------------------------------------------------------------------------
Slack:                    inf
  Source:                 B_0[0]
                            (input port)
  Destination:            P_0[1]
                            (output port)
  Path Group:             (none)
  Path Type:              Min at Fast Process Corner
  Data Path Delay:        2.238ns  (logic 1.479ns (66.055%)  route 0.760ns (33.945%))
  Logic Levels:           4  (CARRY4=1 IBUF=1 LUT4=1 OBUF=1)

    Location             Delay type                Incr(ns)  Path(ns)    Netlist Resource(s)
  -------------------------------------------------------------------    -------------------
    R16                                               0.000     0.000 r  B_0[0] (IN)
                         net (fo=0)                   0.000     0.000    B_0[0]
    R16                  IBUF (Prop_ibuf_I_O)         0.076     0.076 r  B_0_IBUF[0]_inst/O
                         net (fo=9, routed)           0.373     0.450    Multiplier_i/mult_gen_0/U0/i_mult/gLUT.gLUT_speed.iLUT/B[0]
    SLICE_X0Y10          LUT4 (Prop_lut4_I0_O)        0.028     0.478 r  Multiplier_i/mult_gen_0/U0/i_mult/gLUT.gLUT_speed.iLUT/NxM_mult.ppgen[0].carrychain[1].ppadd.b_is_even.stageN.xorcy0_i_1/O
                         net (fo=1, routed)           0.000     0.478    Multiplier_i/mult_gen_0/U0/i_mult/gLUT.gLUT_speed.iLUT/NxM_mult.ppgen[0].carrychain[1].ppadd.b_is_even.stageN.lut_sig
    SLICE_X0Y10          CARRY4 (Prop_carry4_S[1]_O[1])
                                                      0.049     0.527 r  Multiplier_i/mult_gen_0/U0/i_mult/gLUT.gLUT_speed.iLUT/NxM_mult.ppgen[0].carrychain[0].ppadd.b_is_even.stageLSB.muxcy00_CARRY4/O[1]
                         net (fo=1, routed)           0.386     0.913    P_0_OBUF[1]
    R20                  OBUF (Prop_obuf_I_O)         1.325     2.238 r  P_0_OBUF[1]_inst/O
                         net (fo=0)                   0.000     2.238    P_0[1]
    R20                                                               r  P_0[1] (OUT)
  -------------------------------------------------------------------    -------------------

Slack:                    inf
  Source:                 B_0[0]
                            (input port)
  Destination:            P_0[0]
                            (output port)
  Path Group:             (none)
  Path Type:              Min at Fast Process Corner
  Data Path Delay:        2.297ns  (logic 1.491ns (64.900%)  route 0.806ns (35.100%))
  Logic Levels:           4  (CARRY4=1 IBUF=1 LUT2=1 OBUF=1)

    Location             Delay type                Incr(ns)  Path(ns)    Netlist Resource(s)
  -------------------------------------------------------------------    -------------------
    R16                                               0.000     0.000 r  B_0[0] (IN)
                         net (fo=0)                   0.000     0.000    B_0[0]
    R16                  IBUF (Prop_ibuf_I_O)         0.076     0.076 r  B_0_IBUF[0]_inst/O
                         net (fo=9, routed)           0.423     0.500    Multiplier_i/mult_gen_0/U0/i_mult/gLUT.gLUT_speed.iLUT/B[0]
    SLICE_X0Y10          LUT2 (Prop_lut2_I1_O)        0.028     0.528 r  Multiplier_i/mult_gen_0/U0/i_mult/gLUT.gLUT_speed.iLUT/NxM_mult.ppgen[0].carrychain[0].ppadd.b_is_even.stageLSB.xorcy0_i_1/O
                         net (fo=1, routed)           0.000     0.528    Multiplier_i/mult_gen_0/U0/i_mult/gLUT.gLUT_speed.iLUT/NxM_mult.ppgen[0].carrychain[0].ppadd.b_is_even.stageLSB.lut_sig
    SLICE_X0Y10          CARRY4 (Prop_carry4_S[0]_O[0])
                                                      0.055     0.583 r  Multiplier_i/mult_gen_0/U0/i_mult/gLUT.gLUT_speed.iLUT/NxM_mult.ppgen[0].carrychain[0].ppadd.b_is_even.stageLSB.muxcy00_CARRY4/O[0]
                         net (fo=1, routed)           0.383     0.966    P_0_OBUF[0]
    T22                  OBUF (Prop_obuf_I_O)         1.332     2.297 r  P_0_OBUF[0]_inst/O
                         net (fo=0)                   0.000     2.297    P_0[0]
    T22                                                               r  P_0[0] (OUT)
  -------------------------------------------------------------------    -------------------

Slack:                    inf
  Source:                 B_0[2]
                            (input port)
  Destination:            P_0[2]
                            (output port)
  Path Group:             (none)
  Path Type:              Min at Fast Process Corner
  Data Path Delay:        2.512ns  (logic 1.584ns (63.067%)  route 0.928ns (36.933%))
  Logic Levels:           6  (CARRY4=2 IBUF=1 LUT2=2 OBUF=1)

    Location             Delay type                Incr(ns)  Path(ns)    Netlist Resource(s)
  -------------------------------------------------------------------    -------------------
    P16                                               0.000     0.000 r  B_0[2] (IN)
                         net (fo=0)                   0.000     0.000    B_0[2]
    P16                  IBUF (Prop_ibuf_I_O)         0.059     0.059 r  B_0_IBUF[2]_inst/O
                         net (fo=9, routed)           0.440     0.499    Multiplier_i/mult_gen_0/U0/i_mult/gLUT.gLUT_speed.iLUT/B[2]
    SLICE_X4Y12          LUT2 (Prop_lut2_I1_O)        0.028     0.527 r  Multiplier_i/mult_gen_0/U0/i_mult/gLUT.gLUT_speed.iLUT/NxM_mult.ppgen[1].carrychain[0].ppadd.b_is_even.stageLSB.muxcy00_i_1/O
                         net (fo=1, routed)           0.000     0.527    Multiplier_i/mult_gen_0/U0/i_mult/gLUT.gLUT_speed.iLUT/NxM_mult.ppgen[1].carrychain[0].ppadd.b_is_even.stageLSB.lut_sig
    SLICE_X4Y12          CARRY4 (Prop_carry4_S[0]_O[0])
                                                      0.055     0.582 r  Multiplier_i/mult_gen_0/U0/i_mult/gLUT.gLUT_speed.iLUT/NxM_mult.ppgen[1].carrychain[0].ppadd.b_is_even.stageLSB.muxcy00_CARRY4/O[0]
                         net (fo=1, routed)           0.105     0.686    Multiplier_i/mult_gen_0/U0/i_mult/gLUT.gLUT_speed.iLUT/pp_out[1]_1[0]
    SLICE_X1Y12          LUT2 (Prop_lut2_I1_O)        0.066     0.752 r  Multiplier_i/mult_gen_0/U0/i_mult/gLUT.gLUT_speed.iLUT/P[2]_INST_0_i_4/O
                         net (fo=1, routed)           0.000     0.752    Multiplier_i/mult_gen_0/U0/i_mult/gLUT.gLUT_speed.iLUT/P[2]_INST_0_i_4_n_0
    SLICE_X1Y12          CARRY4 (Prop_carry4_S[0]_O[0])
                                                      0.055     0.807 r  Multiplier_i/mult_gen_0/U0/i_mult/gLUT.gLUT_speed.iLUT/P[2]_INST_0/O[0]
                         net (fo=1, routed)           0.383     1.190    P_0_OBUF[2]
    T20                  OBUF (Prop_obuf_I_O)         1.321     2.512 r  P_0_OBUF[2]_inst/O
                         net (fo=0)                   0.000     2.512    P_0[2]
    T20                                                               r  P_0[2] (OUT)
  -------------------------------------------------------------------    -------------------

Slack:                    inf
  Source:                 B_0[5]
                            (input port)
  Destination:            P_0[5]
                            (output port)
  Path Group:             (none)
  Path Type:              Min at Fast Process Corner
  Data Path Delay:        2.519ns  (logic 1.596ns (63.376%)  route 0.923ns (36.624%))
  Logic Levels:           6  (CARRY4=2 IBUF=1 LUT2=1 LUT4=1 OBUF=1)

    Location             Delay type                Incr(ns)  Path(ns)    Netlist Resource(s)
  -------------------------------------------------------------------    -------------------
    U20                                               0.000     0.000 r  B_0[5] (IN)
                         net (fo=0)                   0.000     0.000    B_0[5]
    U20                  IBUF (Prop_ibuf_I_O)         0.068     0.068 r  B_0_IBUF[5]_inst/O
                         net (fo=16, routed)          0.377     0.445    Multiplier_i/mult_gen_0/U0/i_mult/gLUT.gLUT_speed.iLUT/B[5]
    SLICE_X0Y13          LUT4 (Prop_lut4_I2_O)        0.028     0.473 r  Multiplier_i/mult_gen_0/U0/i_mult/gLUT.gLUT_speed.iLUT/NxM_mult.ppgen[2].carrychain[1].ppadd.b_is_even.stageN.muxcy0_i_1/O
                         net (fo=1, routed)           0.000     0.473    Multiplier_i/mult_gen_0/U0/i_mult/gLUT.gLUT_speed.iLUT/NxM_mult.ppgen[2].carrychain[1].ppadd.b_is_even.stageN.lut_sig
    SLICE_X0Y13          CARRY4 (Prop_carry4_S[1]_O[1])
                                                      0.049     0.522 r  Multiplier_i/mult_gen_0/U0/i_mult/gLUT.gLUT_speed.iLUT/NxM_mult.ppgen[2].carrychain[0].ppadd.b_is_even.stageLSB.muxcy00_CARRY4/O[1]
                         net (fo=1, routed)           0.099     0.621    Multiplier_i/mult_gen_0/U0/i_mult/gLUT.gLUT_speed.iLUT/pp_out[2]_2[1]
    SLICE_X2Y13          LUT2 (Prop_lut2_I1_O)        0.066     0.687 r  Multiplier_i/mult_gen_0/U0/i_mult/gLUT.gLUT_speed.iLUT/P[4]_INST_0_i_3/O
                         net (fo=1, routed)           0.000     0.687    Multiplier_i/mult_gen_0/U0/i_mult/gLUT.gLUT_speed.iLUT/P[4]_INST_0_i_3_n_0
    SLICE_X2Y13          CARRY4 (Prop_carry4_S[1]_O[1])
                                                      0.047     0.734 r  Multiplier_i/mult_gen_0/U0/i_mult/gLUT.gLUT_speed.iLUT/P[4]_INST_0/O[1]
                         net (fo=1, routed)           0.447     1.181    P_0_OBUF[5]
    R23                  OBUF (Prop_obuf_I_O)         1.338     2.519 r  P_0_OBUF[5]_inst/O
                         net (fo=0)                   0.000     2.519    P_0[5]
    R23                                                               r  P_0[5] (OUT)
  -------------------------------------------------------------------    -------------------

Slack:                    inf
  Source:                 B_0[5]
                            (input port)
  Destination:            P_0[7]
                            (output port)
  Path Group:             (none)
  Path Type:              Min at Fast Process Corner
  Data Path Delay:        2.555ns  (logic 1.661ns (65.035%)  route 0.893ns (34.965%))
  Logic Levels:           6  (CARRY4=2 IBUF=1 LUT2=1 LUT4=1 OBUF=1)

    Location             Delay type                Incr(ns)  Path(ns)    Netlist Resource(s)
  -------------------------------------------------------------------    -------------------
    U20                                               0.000     0.000 r  B_0[5] (IN)
                         net (fo=0)                   0.000     0.000    B_0[5]
    U20                  IBUF (Prop_ibuf_I_O)         0.068     0.068 r  B_0_IBUF[5]_inst/O
                         net (fo=16, routed)          0.377     0.445    Multiplier_i/mult_gen_0/U0/i_mult/gLUT.gLUT_speed.iLUT/B[5]
    SLICE_X0Y13          LUT4 (Prop_lut4_I2_O)        0.028     0.473 r  Multiplier_i/mult_gen_0/U0/i_mult/gLUT.gLUT_speed.iLUT/NxM_mult.ppgen[2].carrychain[1].ppadd.b_is_even.stageN.muxcy0_i_1/O
                         net (fo=1, routed)           0.000     0.473    Multiplier_i/mult_gen_0/U0/i_mult/gLUT.gLUT_speed.iLUT/NxM_mult.ppgen[2].carrychain[1].ppadd.b_is_even.stageN.lut_sig
    SLICE_X0Y13          CARRY4 (Prop_carry4_S[1]_O[1])
                                                      0.049     0.522 r  Multiplier_i/mult_gen_0/U0/i_mult/gLUT.gLUT_speed.iLUT/NxM_mult.ppgen[2].carrychain[0].ppadd.b_is_even.stageLSB.muxcy00_CARRY4/O[1]
                         net (fo=1, routed)           0.099     0.621    Multiplier_i/mult_gen_0/U0/i_mult/gLUT.gLUT_speed.iLUT/pp_out[2]_2[1]
    SLICE_X2Y13          LUT2 (Prop_lut2_I1_O)        0.066     0.687 r  Multiplier_i/mult_gen_0/U0/i_mult/gLUT.gLUT_speed.iLUT/P[4]_INST_0_i_3/O
                         net (fo=1, routed)           0.000     0.687    Multiplier_i/mult_gen_0/U0/i_mult/gLUT.gLUT_speed.iLUT/P[4]_INST_0_i_3_n_0
    SLICE_X2Y13          CARRY4 (Prop_carry4_S[1]_O[3])
                                                      0.124     0.811 r  Multiplier_i/mult_gen_0/U0/i_mult/gLUT.gLUT_speed.iLUT/P[4]_INST_0/O[3]
                         net (fo=1, routed)           0.418     1.228    P_0_OBUF[7]
    P21                  OBUF (Prop_obuf_I_O)         1.326     2.555 r  P_0_OBUF[7]_inst/O
                         net (fo=0)                   0.000     2.555    P_0[7]
    P21                                                               r  P_0[7] (OUT)
  -------------------------------------------------------------------    -------------------

Slack:                    inf
  Source:                 B_0[2]
                            (input port)
  Destination:            P_0[3]
                            (output port)
  Path Group:             (none)
  Path Type:              Min at Fast Process Corner
  Data Path Delay:        2.558ns  (logic 1.629ns (63.665%)  route 0.929ns (36.335%))
  Logic Levels:           6  (CARRY4=2 IBUF=1 LUT2=2 OBUF=1)

    Location             Delay type                Incr(ns)  Path(ns)    Netlist Resource(s)
  -------------------------------------------------------------------    -------------------
    P16                                               0.000     0.000 r  B_0[2] (IN)
                         net (fo=0)                   0.000     0.000    B_0[2]
    P16                  IBUF (Prop_ibuf_I_O)         0.059     0.059 r  B_0_IBUF[2]_inst/O
                         net (fo=9, routed)           0.440     0.499    Multiplier_i/mult_gen_0/U0/i_mult/gLUT.gLUT_speed.iLUT/B[2]
    SLICE_X4Y12          LUT2 (Prop_lut2_I1_O)        0.028     0.527 r  Multiplier_i/mult_gen_0/U0/i_mult/gLUT.gLUT_speed.iLUT/NxM_mult.ppgen[1].carrychain[0].ppadd.b_is_even.stageLSB.muxcy00_i_1/O
                         net (fo=1, routed)           0.000     0.527    Multiplier_i/mult_gen_0/U0/i_mult/gLUT.gLUT_speed.iLUT/NxM_mult.ppgen[1].carrychain[0].ppadd.b_is_even.stageLSB.lut_sig
    SLICE_X4Y12          CARRY4 (Prop_carry4_S[0]_O[0])
                                                      0.055     0.582 r  Multiplier_i/mult_gen_0/U0/i_mult/gLUT.gLUT_speed.iLUT/NxM_mult.ppgen[1].carrychain[0].ppadd.b_is_even.stageLSB.muxcy00_CARRY4/O[0]
                         net (fo=1, routed)           0.105     0.686    Multiplier_i/mult_gen_0/U0/i_mult/gLUT.gLUT_speed.iLUT/pp_out[1]_1[0]
    SLICE_X1Y12          LUT2 (Prop_lut2_I1_O)        0.066     0.752 r  Multiplier_i/mult_gen_0/U0/i_mult/gLUT.gLUT_speed.iLUT/P[2]_INST_0_i_4/O
                         net (fo=1, routed)           0.000     0.752    Multiplier_i/mult_gen_0/U0/i_mult/gLUT.gLUT_speed.iLUT/P[2]_INST_0_i_4_n_0
    SLICE_X1Y12          CARRY4 (Prop_carry4_S[0]_O[1])
                                                      0.082     0.834 r  Multiplier_i/mult_gen_0/U0/i_mult/gLUT.gLUT_speed.iLUT/P[2]_INST_0/O[1]
                         net (fo=1, routed)           0.385     1.219    P_0_OBUF[3]
    T25                  OBUF (Prop_obuf_I_O)         1.339     2.558 r  P_0_OBUF[3]_inst/O
                         net (fo=0)                   0.000     2.558    P_0[3]
    T25                                                               r  P_0[3] (OUT)
  -------------------------------------------------------------------    -------------------

Slack:                    inf
  Source:                 B_0[5]
                            (input port)
  Destination:            P_0[8]
                            (output port)
  Path Group:             (none)
  Path Type:              Min at Fast Process Corner
  Data Path Delay:        2.587ns  (logic 1.685ns (65.126%)  route 0.902ns (34.874%))
  Logic Levels:           7  (CARRY4=3 IBUF=1 LUT2=1 LUT4=1 OBUF=1)

    Location             Delay type                Incr(ns)  Path(ns)    Netlist Resource(s)
  -------------------------------------------------------------------    -------------------
    U20                                               0.000     0.000 r  B_0[5] (IN)
                         net (fo=0)                   0.000     0.000    B_0[5]
    U20                  IBUF (Prop_ibuf_I_O)         0.068     0.068 r  B_0_IBUF[5]_inst/O
                         net (fo=16, routed)          0.377     0.445    Multiplier_i/mult_gen_0/U0/i_mult/gLUT.gLUT_speed.iLUT/B[5]
    SLICE_X0Y13          LUT4 (Prop_lut4_I2_O)        0.028     0.473 r  Multiplier_i/mult_gen_0/U0/i_mult/gLUT.gLUT_speed.iLUT/NxM_mult.ppgen[2].carrychain[1].ppadd.b_is_even.stageN.muxcy0_i_1/O
                         net (fo=1, routed)           0.000     0.473    Multiplier_i/mult_gen_0/U0/i_mult/gLUT.gLUT_speed.iLUT/NxM_mult.ppgen[2].carrychain[1].ppadd.b_is_even.stageN.lut_sig
    SLICE_X0Y13          CARRY4 (Prop_carry4_S[1]_O[1])
                                                      0.049     0.522 r  Multiplier_i/mult_gen_0/U0/i_mult/gLUT.gLUT_speed.iLUT/NxM_mult.ppgen[2].carrychain[0].ppadd.b_is_even.stageLSB.muxcy00_CARRY4/O[1]
                         net (fo=1, routed)           0.099     0.621    Multiplier_i/mult_gen_0/U0/i_mult/gLUT.gLUT_speed.iLUT/pp_out[2]_2[1]
    SLICE_X2Y13          LUT2 (Prop_lut2_I1_O)        0.066     0.687 r  Multiplier_i/mult_gen_0/U0/i_mult/gLUT.gLUT_speed.iLUT/P[4]_INST_0_i_3/O
                         net (fo=1, routed)           0.000     0.687    Multiplier_i/mult_gen_0/U0/i_mult/gLUT.gLUT_speed.iLUT/P[4]_INST_0_i_3_n_0
    SLICE_X2Y13          CARRY4 (Prop_carry4_S[1]_CO[3])
                                                      0.108     0.795 r  Multiplier_i/mult_gen_0/U0/i_mult/gLUT.gLUT_speed.iLUT/P[4]_INST_0/CO[3]
                         net (fo=1, routed)           0.000     0.795    Multiplier_i/mult_gen_0/U0/i_mult/gLUT.gLUT_speed.iLUT/P[4]_INST_0_n_0
    SLICE_X2Y14          CARRY4 (Prop_carry4_CI_O[0])
                                                      0.041     0.836 r  Multiplier_i/mult_gen_0/U0/i_mult/gLUT.gLUT_speed.iLUT/P[8]_INST_0/O[0]
                         net (fo=1, routed)           0.427     1.262    P_0_OBUF[8]
    R21                  OBUF (Prop_obuf_I_O)         1.325     2.587 r  P_0_OBUF[8]_inst/O
                         net (fo=0)                   0.000     2.587    P_0[8]
    R21                                                               r  P_0[8] (OUT)
  -------------------------------------------------------------------    -------------------

Slack:                    inf
  Source:                 B_0[5]
                            (input port)
  Destination:            P_0[6]
                            (output port)
  Path Group:             (none)
  Path Type:              Min at Fast Process Corner
  Data Path Delay:        2.596ns  (logic 1.666ns (64.172%)  route 0.930ns (35.828%))
  Logic Levels:           6  (CARRY4=2 IBUF=1 LUT2=1 LUT4=1 OBUF=1)

    Location             Delay type                Incr(ns)  Path(ns)    Netlist Resource(s)
  -------------------------------------------------------------------    -------------------
    U20                                               0.000     0.000 r  B_0[5] (IN)
                         net (fo=0)                   0.000     0.000    B_0[5]
    U20                  IBUF (Prop_ibuf_I_O)         0.068     0.068 r  B_0_IBUF[5]_inst/O
                         net (fo=16, routed)          0.377     0.445    Multiplier_i/mult_gen_0/U0/i_mult/gLUT.gLUT_speed.iLUT/B[5]
    SLICE_X0Y13          LUT4 (Prop_lut4_I2_O)        0.028     0.473 r  Multiplier_i/mult_gen_0/U0/i_mult/gLUT.gLUT_speed.iLUT/NxM_mult.ppgen[2].carrychain[1].ppadd.b_is_even.stageN.muxcy0_i_1/O
                         net (fo=1, routed)           0.000     0.473    Multiplier_i/mult_gen_0/U0/i_mult/gLUT.gLUT_speed.iLUT/NxM_mult.ppgen[2].carrychain[1].ppadd.b_is_even.stageN.lut_sig
    SLICE_X0Y13          CARRY4 (Prop_carry4_S[1]_O[1])
                                                      0.049     0.522 r  Multiplier_i/mult_gen_0/U0/i_mult/gLUT.gLUT_speed.iLUT/NxM_mult.ppgen[2].carrychain[0].ppadd.b_is_even.stageLSB.muxcy00_CARRY4/O[1]
                         net (fo=1, routed)           0.099     0.621    Multiplier_i/mult_gen_0/U0/i_mult/gLUT.gLUT_speed.iLUT/pp_out[2]_2[1]
    SLICE_X2Y13          LUT2 (Prop_lut2_I1_O)        0.066     0.687 r  Multiplier_i/mult_gen_0/U0/i_mult/gLUT.gLUT_speed.iLUT/P[4]_INST_0_i_3/O
                         net (fo=1, routed)           0.000     0.687    Multiplier_i/mult_gen_0/U0/i_mult/gLUT.gLUT_speed.iLUT/P[4]_INST_0_i_3_n_0
    SLICE_X2Y13          CARRY4 (Prop_carry4_S[1]_O[2])
                                                      0.112     0.799 r  Multiplier_i/mult_gen_0/U0/i_mult/gLUT.gLUT_speed.iLUT/P[4]_INST_0/O[2]
                         net (fo=1, routed)           0.455     1.253    P_0_OBUF[6]
    R22                  OBUF (Prop_obuf_I_O)         1.343     2.596 r  P_0_OBUF[6]_inst/O
                         net (fo=0)                   0.000     2.596    P_0[6]
    R22                                                               r  P_0[6] (OUT)
  -------------------------------------------------------------------    -------------------

Slack:                    inf
  Source:                 B_0[4]
                            (input port)
  Destination:            P_0[4]
                            (output port)
  Path Group:             (none)
  Path Type:              Min at Fast Process Corner
  Data Path Delay:        2.647ns  (logic 1.614ns (60.980%)  route 1.033ns (39.020%))
  Logic Levels:           6  (CARRY4=2 IBUF=1 LUT2=2 OBUF=1)

    Location             Delay type                Incr(ns)  Path(ns)    Netlist Resource(s)
  -------------------------------------------------------------------    -------------------
    T18                                               0.000     0.000 r  B_0[4] (IN)
                         net (fo=0)                   0.000     0.000    B_0[4]
    T18                  IBUF (Prop_ibuf_I_O)         0.079     0.079 r  B_0_IBUF[4]_inst/O
                         net (fo=9, routed)           0.467     0.546    Multiplier_i/mult_gen_0/U0/i_mult/gLUT.gLUT_speed.iLUT/B[4]
    SLICE_X0Y13          LUT2 (Prop_lut2_I1_O)        0.028     0.574 r  Multiplier_i/mult_gen_0/U0/i_mult/gLUT.gLUT_speed.iLUT/NxM_mult.ppgen[2].carrychain[0].ppadd.b_is_even.stageLSB.muxcy00_i_1/O
                         net (fo=1, routed)           0.000     0.574    Multiplier_i/mult_gen_0/U0/i_mult/gLUT.gLUT_speed.iLUT/NxM_mult.ppgen[2].carrychain[0].ppadd.b_is_even.stageLSB.lut_sig
    SLICE_X0Y13          CARRY4 (Prop_carry4_S[0]_O[0])
                                                      0.055     0.629 r  Multiplier_i/mult_gen_0/U0/i_mult/gLUT.gLUT_speed.iLUT/NxM_mult.ppgen[2].carrychain[0].ppadd.b_is_even.stageLSB.muxcy00_CARRY4/O[0]
                         net (fo=1, routed)           0.165     0.794    Multiplier_i/mult_gen_0/U0/i_mult/gLUT.gLUT_speed.iLUT/pp_out[2]_2[0]
    SLICE_X2Y13          LUT2 (Prop_lut2_I1_O)        0.066     0.860 r  Multiplier_i/mult_gen_0/U0/i_mult/gLUT.gLUT_speed.iLUT/P[4]_INST_0_i_4/O
                         net (fo=1, routed)           0.000     0.860    Multiplier_i/mult_gen_0/U0/i_mult/gLUT.gLUT_speed.iLUT/P[4]_INST_0_i_4_n_0
    SLICE_X2Y13          CARRY4 (Prop_carry4_S[0]_O[0])
                                                      0.050     0.910 r  Multiplier_i/mult_gen_0/U0/i_mult/gLUT.gLUT_speed.iLUT/P[4]_INST_0/O[0]
                         net (fo=1, routed)           0.400     1.311    P_0_OBUF[4]
    T24                  OBUF (Prop_obuf_I_O)         1.336     2.647 r  P_0_OBUF[4]_inst/O
                         net (fo=0)                   0.000     2.647    P_0[4]
    T24                                                               r  P_0[4] (OUT)
  -------------------------------------------------------------------    -------------------

Slack:                    inf
  Source:                 B_0[5]
                            (input port)
  Destination:            P_0[10]
                            (output port)
  Path Group:             (none)
  Path Type:              Min at Fast Process Corner
  Data Path Delay:        2.679ns  (logic 1.728ns (64.507%)  route 0.951ns (35.493%))
  Logic Levels:           7  (CARRY4=3 IBUF=1 LUT2=1 LUT4=1 OBUF=1)

    Location             Delay type                Incr(ns)  Path(ns)    Netlist Resource(s)
  -------------------------------------------------------------------    -------------------
    U20                                               0.000     0.000 r  B_0[5] (IN)
                         net (fo=0)                   0.000     0.000    B_0[5]
    U20                  IBUF (Prop_ibuf_I_O)         0.068     0.068 r  B_0_IBUF[5]_inst/O
                         net (fo=16, routed)          0.377     0.445    Multiplier_i/mult_gen_0/U0/i_mult/gLUT.gLUT_speed.iLUT/B[5]
    SLICE_X0Y13          LUT4 (Prop_lut4_I2_O)        0.028     0.473 r  Multiplier_i/mult_gen_0/U0/i_mult/gLUT.gLUT_speed.iLUT/NxM_mult.ppgen[2].carrychain[1].ppadd.b_is_even.stageN.muxcy0_i_1/O
                         net (fo=1, routed)           0.000     0.473    Multiplier_i/mult_gen_0/U0/i_mult/gLUT.gLUT_speed.iLUT/NxM_mult.ppgen[2].carrychain[1].ppadd.b_is_even.stageN.lut_sig
    SLICE_X0Y13          CARRY4 (Prop_carry4_S[1]_O[1])
                                                      0.049     0.522 r  Multiplier_i/mult_gen_0/U0/i_mult/gLUT.gLUT_speed.iLUT/NxM_mult.ppgen[2].carrychain[0].ppadd.b_is_even.stageLSB.muxcy00_CARRY4/O[1]
                         net (fo=1, routed)           0.099     0.621    Multiplier_i/mult_gen_0/U0/i_mult/gLUT.gLUT_speed.iLUT/pp_out[2]_2[1]
    SLICE_X2Y13          LUT2 (Prop_lut2_I1_O)        0.066     0.687 r  Multiplier_i/mult_gen_0/U0/i_mult/gLUT.gLUT_speed.iLUT/P[4]_INST_0_i_3/O
                         net (fo=1, routed)           0.000     0.687    Multiplier_i/mult_gen_0/U0/i_mult/gLUT.gLUT_speed.iLUT/P[4]_INST_0_i_3_n_0
    SLICE_X2Y13          CARRY4 (Prop_carry4_S[1]_CO[3])
                                                      0.108     0.795 r  Multiplier_i/mult_gen_0/U0/i_mult/gLUT.gLUT_speed.iLUT/P[4]_INST_0/CO[3]
                         net (fo=1, routed)           0.000     0.795    Multiplier_i/mult_gen_0/U0/i_mult/gLUT.gLUT_speed.iLUT/P[4]_INST_0_n_0
    SLICE_X2Y14          CARRY4 (Prop_carry4_CI_O[2])
                                                      0.054     0.849 r  Multiplier_i/mult_gen_0/U0/i_mult/gLUT.gLUT_speed.iLUT/P[8]_INST_0/O[2]
                         net (fo=1, routed)           0.475     1.324    P_0_OBUF[10]
    N21                  OBUF (Prop_obuf_I_O)         1.355     2.679 r  P_0_OBUF[10]_inst/O
                         net (fo=0)                   0.000     2.679    P_0[10]
    N21                                                               r  P_0[10] (OUT)
  -------------------------------------------------------------------    -------------------





