
*** Running vivado
    with args -log Top_Module.vds -m64 -product Vivado -mode batch -messageDb vivado.pb -notrace -source Top_Module.tcl



****** Vivado v2024.1 (64-bit)
  **** SW Build 5076996 on Wed May 22 18:37:14 MDT 2024
  **** IP Build 5075265 on Wed May 22 21:45:21 MDT 2024
  **** SharedData Build 5076995 on Wed May 22 18:29:18 MDT 2024
  **** Start of session at: Wed Apr  2 11:31:30 2025
    ** Copyright 1986-2022 Xilinx, Inc. All Rights Reserved.
    ** Copyright 2022-2024 Advanced Micro Devices, Inc. All Rights Reserved.

source Top_Module.tcl -notrace
create_project: Time (s): cpu = 00:00:07 ; elapsed = 00:00:07 . Memory (MB): peak = 523.504 ; gain = 209.754
Command: synth_design -top Top_Module -part xc7a35tcpg236-1
Starting synth_design
Attempting to get a license for feature 'Synthesis' and/or device 'xc7a35t'
INFO: [Common 17-349] Got license for feature 'Synthesis' and/or device 'xc7a35t'
INFO: [Device 21-403] Loading part xc7a35tcpg236-1
INFO: [Device 21-9227] Part: xc7a35tcpg236-1 does not have CEAM library.
INFO: [Synth 8-7079] Multithreading enabled for synth_design using a maximum of 2 processes.
INFO: [Synth 8-7078] Launching helper process for spawning children vivado processes
INFO: [Synth 8-7075] Helper process launched with PID 10812
---------------------------------------------------------------------------------
Starting RTL Elaboration : Time (s): cpu = 00:00:05 ; elapsed = 00:00:06 . Memory (MB): peak = 1373.852 ; gain = 446.609
---------------------------------------------------------------------------------
INFO: [Synth 8-6157] synthesizing module 'Top_Module' [D:/Verilog/real_time_clock/real_time_clock.srcs/sources_1/new/Top_Module.v:1]
INFO: [Synth 8-6157] synthesizing module 'debounce' [D:/Verilog/real_time_clock/real_time_clock.srcs/sources_1/new/debounce.v:1]
INFO: [Synth 8-6155] done synthesizing module 'debounce' (0#1) [D:/Verilog/real_time_clock/real_time_clock.srcs/sources_1/new/debounce.v:1]
INFO: [Synth 8-6157] synthesizing module 'sevenseg_driver' [D:/Verilog/real_time_clock/real_time_clock.srcs/sources_1/new/sevenseg_driver.v:1]
INFO: [Synth 8-6157] synthesizing module 'Decoder_7_segment' [D:/Verilog/real_time_clock/real_time_clock.srcs/sources_1/new/Decoder_7_segment.v:1]
INFO: [Synth 8-6155] done synthesizing module 'Decoder_7_segment' (0#1) [D:/Verilog/real_time_clock/real_time_clock.srcs/sources_1/new/Decoder_7_segment.v:1]
INFO: [Synth 8-6155] done synthesizing module 'sevenseg_driver' (0#1) [D:/Verilog/real_time_clock/real_time_clock.srcs/sources_1/new/sevenseg_driver.v:1]
INFO: [Synth 8-6157] synthesizing module 'digital_clock' [D:/Verilog/real_time_clock/real_time_clock.srcs/sources_1/new/digital_clock.v:1]
INFO: [Synth 8-6157] synthesizing module 'binarytoBCD' [D:/Verilog/real_time_clock/real_time_clock.srcs/sources_1/new/binarytoBCD.v:1]
INFO: [Synth 8-6155] done synthesizing module 'binarytoBCD' (0#1) [D:/Verilog/real_time_clock/real_time_clock.srcs/sources_1/new/binarytoBCD.v:1]
WARNING: [Synth 8-689] width (6) of port connection 'binary' does not match port width (12) of module 'binarytoBCD' [D:/Verilog/real_time_clock/real_time_clock.srcs/sources_1/new/digital_clock.v:79]
WARNING: [Synth 8-689] width (6) of port connection 'binary' does not match port width (12) of module 'binarytoBCD' [D:/Verilog/real_time_clock/real_time_clock.srcs/sources_1/new/digital_clock.v:80]
WARNING: [Synth 8-689] width (6) of port connection 'binary' does not match port width (12) of module 'binarytoBCD' [D:/Verilog/real_time_clock/real_time_clock.srcs/sources_1/new/digital_clock.v:81]
INFO: [Synth 8-6155] done synthesizing module 'digital_clock' (0#1) [D:/Verilog/real_time_clock/real_time_clock.srcs/sources_1/new/digital_clock.v:1]
INFO: [Synth 8-6155] done synthesizing module 'Top_Module' (0#1) [D:/Verilog/real_time_clock/real_time_clock.srcs/sources_1/new/Top_Module.v:1]
---------------------------------------------------------------------------------
Finished RTL Elaboration : Time (s): cpu = 00:00:06 ; elapsed = 00:00:07 . Memory (MB): peak = 1484.707 ; gain = 557.465
---------------------------------------------------------------------------------
---------------------------------------------------------------------------------
Start Handling Custom Attributes
---------------------------------------------------------------------------------
---------------------------------------------------------------------------------
Finished Handling Custom Attributes : Time (s): cpu = 00:00:06 ; elapsed = 00:00:07 . Memory (MB): peak = 1484.707 ; gain = 557.465
---------------------------------------------------------------------------------
---------------------------------------------------------------------------------
Finished RTL Optimization Phase 1 : Time (s): cpu = 00:00:06 ; elapsed = 00:00:07 . Memory (MB): peak = 1484.707 ; gain = 557.465
---------------------------------------------------------------------------------
Netlist sorting complete. Time (s): cpu = 00:00:00 ; elapsed = 00:00:00.003 . Memory (MB): peak = 1484.707 ; gain = 0.000
INFO: [Project 1-570] Preparing netlist for logic optimization

Processing XDC Constraints
Initializing timing engine
Parsing XDC File [D:/Verilog/real_time_clock/real_time_clock.srcs/constrs_1/new/binarytobcd.xdc]
Finished Parsing XDC File [D:/Verilog/real_time_clock/real_time_clock.srcs/constrs_1/new/binarytobcd.xdc]
INFO: [Project 1-236] Implementation specific constraints were found while reading constraint file [D:/Verilog/real_time_clock/real_time_clock.srcs/constrs_1/new/binarytobcd.xdc]. These constraints will be ignored for synthesis but will be used in implementation. Impacted constraints are listed in the file [.Xil/Top_Module_propImpl.xdc].
Resolution: To avoid this warning, move constraints listed in [.Xil/Top_Module_propImpl.xdc] to another XDC file and exclude this new file from synthesis with the used_in_synthesis property (File Properties dialog in GUI) and re-run elaboration/synthesis.
Completed Processing XDC Constraints

Netlist sorting complete. Time (s): cpu = 00:00:00 ; elapsed = 00:00:00 . Memory (MB): peak = 1586.742 ; gain = 0.000
INFO: [Project 1-111] Unisim Transformation Summary:
No Unisim elements were transformed.

Constraint Validation Runtime : Time (s): cpu = 00:00:00 ; elapsed = 00:00:00.003 . Memory (MB): peak = 1586.742 ; gain = 0.000
---------------------------------------------------------------------------------
Finished Constraint Validation : Time (s): cpu = 00:00:14 ; elapsed = 00:00:16 . Memory (MB): peak = 1586.742 ; gain = 659.500
---------------------------------------------------------------------------------
---------------------------------------------------------------------------------
Start Loading Part and Timing Information
---------------------------------------------------------------------------------
Loading part: xc7a35tcpg236-1
---------------------------------------------------------------------------------
Finished Loading Part and Timing Information : Time (s): cpu = 00:00:14 ; elapsed = 00:00:16 . Memory (MB): peak = 1586.742 ; gain = 659.500
---------------------------------------------------------------------------------
---------------------------------------------------------------------------------
Start Applying 'set_property' XDC Constraints
---------------------------------------------------------------------------------
---------------------------------------------------------------------------------
Finished applying 'set_property' XDC Constraints : Time (s): cpu = 00:00:14 ; elapsed = 00:00:16 . Memory (MB): peak = 1586.742 ; gain = 659.500
---------------------------------------------------------------------------------
INFO: [Synth 8-802] inferred FSM for state register 'state_reg' in module 'sevenseg_driver'
---------------------------------------------------------------------------------------------------
                   State |                     New Encoding |                Previous Encoding 
---------------------------------------------------------------------------------------------------
                    LEFT |                               00 |                               00
                 MIDLEFT |                               01 |                               01
                MIDRIGHT |                               10 |                               10
                   RIGHT |                               11 |                               11
---------------------------------------------------------------------------------------------------
INFO: [Synth 8-3354] encoded FSM with state register 'state_reg' using encoding 'sequential' in module 'sevenseg_driver'
---------------------------------------------------------------------------------
Finished RTL Optimization Phase 2 : Time (s): cpu = 00:00:15 ; elapsed = 00:00:17 . Memory (MB): peak = 1586.742 ; gain = 659.500
---------------------------------------------------------------------------------
---------------------------------------------------------------------------------
Start RTL Component Statistics 
---------------------------------------------------------------------------------
Detailed RTL Component Info : 
+---Adders : 
	   2 Input   32 Bit       Adders := 1     
	   2 Input    6 Bit       Adders := 3     
+---Registers : 
	               32 Bit    Registers := 1     
	                7 Bit    Registers := 1     
	                6 Bit    Registers := 3     
	                4 Bit    Registers := 1     
	                1 Bit    Registers := 16    
+---Muxes : 
	   2 Input   32 Bit        Muxes := 1     
	   4 Input    7 Bit        Muxes := 1     
	   2 Input    6 Bit        Muxes := 2     
	   4 Input    4 Bit        Muxes := 1     
	   4 Input    2 Bit        Muxes := 1     
	   2 Input    1 Bit        Muxes := 7     
---------------------------------------------------------------------------------
Finished RTL Component Statistics 
---------------------------------------------------------------------------------
---------------------------------------------------------------------------------
Start Part Resource Summary
---------------------------------------------------------------------------------
Part Resources:
DSPs: 90 (col length:60)
BRAMs: 100 (col length: RAMB18 60 RAMB36 30)
---------------------------------------------------------------------------------
Finished Part Resource Summary
---------------------------------------------------------------------------------
---------------------------------------------------------------------------------
Start Cross Boundary and Area Optimization
---------------------------------------------------------------------------------
WARNING: [Synth 8-7080] Parallel synthesis criteria is not met
---------------------------------------------------------------------------------
Finished Cross Boundary and Area Optimization : Time (s): cpu = 00:00:21 ; elapsed = 00:00:23 . Memory (MB): peak = 1586.742 ; gain = 659.500
---------------------------------------------------------------------------------
---------------------------------------------------------------------------------
Start Applying XDC Timing Constraints
---------------------------------------------------------------------------------
---------------------------------------------------------------------------------
Finished Applying XDC Timing Constraints : Time (s): cpu = 00:00:28 ; elapsed = 00:00:30 . Memory (MB): peak = 1586.742 ; gain = 659.500
---------------------------------------------------------------------------------
---------------------------------------------------------------------------------
Start Timing Optimization
---------------------------------------------------------------------------------
---------------------------------------------------------------------------------
Finished Timing Optimization : Time (s): cpu = 00:00:29 ; elapsed = 00:00:32 . Memory (MB): peak = 1586.742 ; gain = 659.500
---------------------------------------------------------------------------------
---------------------------------------------------------------------------------
Start Technology Mapping
---------------------------------------------------------------------------------
---------------------------------------------------------------------------------
Finished Technology Mapping : Time (s): cpu = 00:00:30 ; elapsed = 00:00:32 . Memory (MB): peak = 1586.742 ; gain = 659.500
---------------------------------------------------------------------------------
---------------------------------------------------------------------------------
Start IO Insertion
---------------------------------------------------------------------------------
---------------------------------------------------------------------------------
Start Flattening Before IO Insertion
---------------------------------------------------------------------------------
---------------------------------------------------------------------------------
Finished Flattening Before IO Insertion
---------------------------------------------------------------------------------
---------------------------------------------------------------------------------
Start Final Netlist Cleanup
---------------------------------------------------------------------------------
---------------------------------------------------------------------------------
Finished Final Netlist Cleanup
---------------------------------------------------------------------------------
---------------------------------------------------------------------------------
Finished IO Insertion : Time (s): cpu = 00:00:35 ; elapsed = 00:00:37 . Memory (MB): peak = 1586.742 ; gain = 659.500
---------------------------------------------------------------------------------
---------------------------------------------------------------------------------
Start Renaming Generated Instances
---------------------------------------------------------------------------------
---------------------------------------------------------------------------------
Finished Renaming Generated Instances : Time (s): cpu = 00:00:35 ; elapsed = 00:00:37 . Memory (MB): peak = 1586.742 ; gain = 659.500
---------------------------------------------------------------------------------
---------------------------------------------------------------------------------
Start Rebuilding User Hierarchy
---------------------------------------------------------------------------------
---------------------------------------------------------------------------------
Finished Rebuilding User Hierarchy : Time (s): cpu = 00:00:35 ; elapsed = 00:00:37 . Memory (MB): peak = 1586.742 ; gain = 659.500
---------------------------------------------------------------------------------
---------------------------------------------------------------------------------
Start Renaming Generated Ports
---------------------------------------------------------------------------------
---------------------------------------------------------------------------------
Finished Renaming Generated Ports : Time (s): cpu = 00:00:35 ; elapsed = 00:00:37 . Memory (MB): peak = 1586.742 ; gain = 659.500
---------------------------------------------------------------------------------
---------------------------------------------------------------------------------
Start Handling Custom Attributes
---------------------------------------------------------------------------------
---------------------------------------------------------------------------------
Finished Handling Custom Attributes : Time (s): cpu = 00:00:35 ; elapsed = 00:00:37 . Memory (MB): peak = 1586.742 ; gain = 659.500
---------------------------------------------------------------------------------
---------------------------------------------------------------------------------
Start Renaming Generated Nets
---------------------------------------------------------------------------------
---------------------------------------------------------------------------------
Finished Renaming Generated Nets : Time (s): cpu = 00:00:35 ; elapsed = 00:00:37 . Memory (MB): peak = 1586.742 ; gain = 659.500
---------------------------------------------------------------------------------
---------------------------------------------------------------------------------
Start Writing Synthesis Report
---------------------------------------------------------------------------------

Report BlackBoxes: 
+-+--------------+----------+
| |BlackBox name |Instances |
+-+--------------+----------+
+-+--------------+----------+

Report Cell Usage: 
+------+-------+------+
|      |Cell   |Count |
+------+-------+------+
|1     |BUFG   |     1|
|2     |CARRY4 |    42|
|3     |LUT1   |    33|
|4     |LUT2   |    36|
|5     |LUT3   |     7|
|6     |LUT4   |    33|
|7     |LUT5   |    16|
|8     |LUT6   |   100|
|9     |FDRE   |   152|
|10    |IBUF   |     5|
|11    |OBUF   |    19|
+------+-------+------+
---------------------------------------------------------------------------------
Finished Writing Synthesis Report : Time (s): cpu = 00:00:35 ; elapsed = 00:00:37 . Memory (MB): peak = 1586.742 ; gain = 659.500
---------------------------------------------------------------------------------
Synthesis finished with 0 errors, 0 critical warnings and 1 warnings.
Synthesis Optimization Runtime : Time (s): cpu = 00:00:27 ; elapsed = 00:00:35 . Memory (MB): peak = 1586.742 ; gain = 557.465
Synthesis Optimization Complete : Time (s): cpu = 00:00:35 ; elapsed = 00:00:37 . Memory (MB): peak = 1586.742 ; gain = 659.500
INFO: [Project 1-571] Translating synthesized netlist
Netlist sorting complete. Time (s): cpu = 00:00:00 ; elapsed = 00:00:00.003 . Memory (MB): peak = 1586.742 ; gain = 0.000
INFO: [Netlist 29-17] Analyzing 42 Unisim elements for replacement
INFO: [Netlist 29-28] Unisim Transformation completed in 0 CPU seconds
INFO: [Project 1-570] Preparing netlist for logic optimization
INFO: [Opt 31-138] Pushed 0 inverter(s) to 0 load pin(s).
Netlist sorting complete. Time (s): cpu = 00:00:00 ; elapsed = 00:00:00 . Memory (MB): peak = 1586.742 ; gain = 0.000
INFO: [Project 1-111] Unisim Transformation Summary:
No Unisim elements were transformed.

Synth Design complete | Checksum: dcbcf388
INFO: [Common 17-83] Releasing license: Synthesis
30 Infos, 4 Warnings, 0 Critical Warnings and 0 Errors encountered.
synth_design completed successfully
synth_design: Time (s): cpu = 00:00:41 ; elapsed = 00:00:58 . Memory (MB): peak = 1586.742 ; gain = 1063.238
Write ShapeDB Complete: Time (s): cpu = 00:00:00 ; elapsed = 00:00:00.003 . Memory (MB): peak = 1586.742 ; gain = 0.000
INFO: [Common 17-1381] The checkpoint 'D:/Verilog/real_time_clock/real_time_clock.runs/synth_1/Top_Module.dcp' has been generated.
INFO: [Vivado 12-24828] Executing command : report_utilization -file Top_Module_utilization_synth.rpt -pb Top_Module_utilization_synth.pb
INFO: [Common 17-206] Exiting Vivado at Wed Apr  2 11:32:37 2025...
