#-----------------------------------------------------------
# Vivado v2024.1 (64-bit)
# SW Build 5076996 on Wed May 22 18:37:14 MDT 2024
# IP Build 5075265 on Wed May 22 21:45:21 MDT 2024
# SharedData Build 5076995 on Wed May 22 18:29:18 MDT 2024
# Start of session at: Wed May  7 23:59:11 2025
# Process ID: 21940
# Current directory: D:/VLSI lab/Sequence Counter
# Command line: vivado.exe -gui_launcher_event rodinguilauncherevent8652 D:\VLSI lab\Sequence Counter\Sequence Counter.xpr
# Log file: D:/VLSI lab/Sequence Counter/vivado.log
# Journal file: D:/VLSI lab/Sequence Counter\vivado.jou
# Running On        :LAPTOP-JOUC07R3
# Platform          :Windows Server 2016 or Windows 10
# Operating System  :26100
# Processor Detail  :11th Gen Intel(R) Core(TM) i5-1155G7 @ 2.50GHz
# CPU Frequency     :2496 MHz
# CPU Physical cores:4
# CPU Logical cores :8
# Host memory       :16804 MB
# Swap memory       :5796 MB
# Total Virtual     :22601 MB
# Available Virtual :1762 MB
#-----------------------------------------------------------
start_gui
open_project {D:/VLSI lab/Sequence Counter/Sequence Counter.xpr}
update_compile_order -fileset sources_1
