Vivado Simulator v2024.1
Copyright 1986-2022 Xilinx, Inc. All Rights Reserved.
Copyright 2022-2024 Advanced Micro Devices, Inc. All Rights Reserved.
Running: D:/Vivado/2024.1/bin/unwrapped/win64.o/xelab.exe --incr --debug typical --relax --mt 2 -L xil_defaultlib -L xbip_utils_v3_0_13 -L xbip_pipe_v3_0_9 -L xbip_bram18k_v3_0_9 -L mult_gen_v12_0_21 -L unisims_ver -L unimacro_ver -L secureip -L xpm --snapshot tb_Multiplier_wrapper_behav xil_defaultlib.tb_Multiplier_wrapper xil_defaultlib.glbl -log elaborate.log 
Using 2 slave threads.
Starting static elaboration
Pass Through NonSizing Optimizer
Completed static elaboration
Starting simulation data flow analysis
Completed simulation data flow analysis
Time Resolution for simulation is 1ps
Compiling package std.standard
Compiling package std.textio
Compiling package ieee.std_logic_1164
Compiling package ieee.numeric_std
Compiling package xbip_utils_v3_0_13.xbip_utils_v3_0_13_pkg
Compiling package mult_gen_v12_0_21.mult_gen_v12_0_21_viv_comp
Compiling package mult_gen_v12_0_21.mult_gen_v12_0_21_pkg
Compiling package ieee.std_logic_arith
Compiling package ieee.std_logic_signed
Compiling package unisim.vcomponents
Compiling package ieee.std_logic_unsigned
Compiling package ieee.vital_timing
Compiling package ieee.vital_primitives
Compiling package unisim.vpkg
Compiling architecture lut2_v of entity unisim.LUT2 [\LUT2(init="1000")(0,3)\]
Compiling architecture mult_and_v of entity unisim.MULT_AND [mult_and_default]
Compiling architecture muxcy_v of entity unisim.MUXCY [muxcy_default]
Compiling architecture xorcy_v of entity unisim.XORCY [xorcy_default]
Compiling architecture xilinx of entity mult_gen_v12_0_21.op_resize [\op_resize(ai_width=8,bi_width=8...]
Compiling architecture xilinx of entity mult_gen_v12_0_21.luts [\luts(c_xdevicefamily="kintex7",...]
Compiling architecture xilinx of entity mult_gen_v12_0_21.mult_gen_v12_0_21_viv [\mult_gen_v12_0_21_viv(c_verbosi...]
Compiling architecture xilinx of entity mult_gen_v12_0_21.mult_gen_v12_0_21 [\mult_gen_v12_0_21(c_xdevicefami...]
Compiling architecture multiplier_mult_gen_0_0_arch of entity xil_defaultlib.Multiplier_mult_gen_0_0 [multiplier_mult_gen_0_0_default]
Compiling module xil_defaultlib.Multiplier
Compiling module xil_defaultlib.Multiplier_wrapper
Compiling module xil_defaultlib.tb_Multiplier_wrapper
Compiling module xil_defaultlib.glbl
Built simulation snapshot tb_Multiplier_wrapper_behav
